Loading pipeline components...:   0%|          | 0/7 [00:00<?, ?it/s]Loading pipeline components...:  14%|█▍        | 1/7 [00:02<00:12,  2.07s/it]Loading pipeline components...:  43%|████▎     | 3/7 [00:02<00:02,  1.68it/s]Loading pipeline components...:  57%|█████▋    | 4/7 [00:09<00:08,  2.76s/it]Loading pipeline components...:  71%|███████▏  | 5/7 [00:09<00:04,  2.01s/it]Loading pipeline components...: 100%|██████████| 7/7 [00:09<00:00,  1.10s/it]Loading pipeline components...: 100%|██████████| 7/7 [00:09<00:00,  1.41s/it]
Traceback (most recent call last):
  File "/home/dan.raviv/project/proj_final/identification.py", line 636, in <module>
    main()
  File "/home/dan.raviv/project/proj_final/identification.py", line 533, in main
    pipe = init_pipeline()
  File "/home/dan.raviv/project/proj_final/identification.py", line 107, in init_pipeline
    pipe = DiffusionPipeline.from_pretrained(
  File "/home/dan.raviv/project/proj_final/.venv_cuda/lib/python3.8/site-packages/diffusers/pipelines/pipeline_utils.py", line 545, in to
    module.to(device, dtype)
  File "/home/dan.raviv/project/proj_final/.venv_cuda/lib/python3.8/site-packages/diffusers/models/modeling_utils.py", line 1435, in to
    return super().to(*args, **kwargs)
  File "/home/dan.raviv/project/proj_final/.venv_cuda/lib/python3.8/site-packages/torch/nn/modules/module.py", line 1174, in to
    return self._apply(convert)
  File "/home/dan.raviv/project/proj_final/.venv_cuda/lib/python3.8/site-packages/torch/nn/modules/module.py", line 780, in _apply
    module._apply(fn)
  File "/home/dan.raviv/project/proj_final/.venv_cuda/lib/python3.8/site-packages/torch/nn/modules/module.py", line 780, in _apply
    module._apply(fn)
  File "/home/dan.raviv/project/proj_final/.venv_cuda/lib/python3.8/site-packages/torch/nn/modules/module.py", line 780, in _apply
    module._apply(fn)
  [Previous line repeated 4 more times]
  File "/home/dan.raviv/project/proj_final/.venv_cuda/lib/python3.8/site-packages/torch/nn/modules/module.py", line 805, in _apply
    param_applied = fn(param)
  File "/home/dan.raviv/project/proj_final/.venv_cuda/lib/python3.8/site-packages/torch/nn/modules/module.py", line 1160, in convert
    return t.to(
torch.OutOfMemoryError: CUDA out of memory. Tried to allocate 20.00 MiB. GPU 0 has a total capacity of 10.75 GiB of which 17.62 MiB is free. Process 703381 has 4.22 GiB memory in use. Including non-PyTorch memory, this process has 6.52 GiB memory in use. Of the allocated memory 6.11 GiB is allocated by PyTorch, and 264.37 MiB is reserved by PyTorch but unallocated. If reserved but unallocated memory is large try setting PYTORCH_CUDA_ALLOC_CONF=expandable_segments:True to avoid fragmentation.  See documentation for Memory Management  (https://pytorch.org/docs/stable/notes/cuda.html#environment-variables)
