[SETUP] Professions: ['Nurse', 'Fire Fighter', 'Programmer', 'Receptionist', 'Kindergarten Teacher', 'Doctor', 'Lawyer', 'Engineer', 'Scientist', 'Accountant', 'Chef', 'Architect', 'CEO', 'Pilot', 'Flight Attendant']
[SETUP] Saving activations to: generated_images/activations
[SETUP] Saving steering vectors to: generated_images/steering_vectors
[SETUP] Loading diffusion pipeline...

[PROFESSION] Nurse
  - Analyzing text embeddings...
  Text Bias (Nurse)      | -0.8487 | Feminine -- █████████████████████
[Nurse | MALE] Batch 1/16 (Samples 1-1)
[Nurse | MALE] Batch 2/16 (Samples 2-2)
[Nurse | MALE] Batch 3/16 (Samples 3-3)
[Nurse | MALE] Batch 4/16 (Samples 4-4)
[Nurse | MALE] Batch 5/16 (Samples 5-5)
[Nurse | MALE] Batch 6/16 (Samples 6-6)
[Nurse | MALE] Batch 7/16 (Samples 7-7)
[Nurse | MALE] Batch 8/16 (Samples 8-8)
[Nurse | MALE] Batch 9/16 (Samples 9-9)
[Nurse | MALE] Batch 10/16 (Samples 10-10)
[Nurse | MALE] Batch 11/16 (Samples 11-11)
[Nurse | MALE] Batch 12/16 (Samples 12-12)
[Nurse | MALE] Batch 13/16 (Samples 13-13)
[Nurse | MALE] Batch 14/16 (Samples 14-14)
[Nurse | MALE] Batch 15/16 (Samples 15-15)
[Nurse | MALE] Batch 16/16 (Samples 16-16)
[Nurse | FEMALE] Batch 1/16 (Samples 1-1)
[Nurse | FEMALE] Batch 2/16 (Samples 2-2)
[Nurse | FEMALE] Batch 3/16 (Samples 3-3)
[Nurse | FEMALE] Batch 4/16 (Samples 4-4)
[Nurse | FEMALE] Batch 5/16 (Samples 5-5)
[Nurse | FEMALE] Batch 6/16 (Samples 6-6)
[Nurse | FEMALE] Batch 7/16 (Samples 7-7)
[Nurse | FEMALE] Batch 8/16 (Samples 8-8)
[Nurse | FEMALE] Batch 9/16 (Samples 9-9)
[Nurse | FEMALE] Batch 10/16 (Samples 10-10)
[Nurse | FEMALE] Batch 11/16 (Samples 11-11)
[Nurse | FEMALE] Batch 12/16 (Samples 12-12)
[Nurse | FEMALE] Batch 13/16 (Samples 13-13)
[Nurse | FEMALE] Batch 14/16 (Samples 14-14)
[Nurse | FEMALE] Batch 15/16 (Samples 15-15)
[Nurse | FEMALE] Batch 16/16 (Samples 16-16)
[Nurse | NEUTRAL] Batch 1/16 (Samples 1-1)
[Nurse | NEUTRAL] Batch 2/16 (Samples 2-2)
[Nurse | NEUTRAL] Batch 3/16 (Samples 3-3)
[Nurse | NEUTRAL] Batch 4/16 (Samples 4-4)
[Nurse | NEUTRAL] Batch 5/16 (Samples 5-5)
[Nurse | NEUTRAL] Batch 6/16 (Samples 6-6)
[Nurse | NEUTRAL] Batch 7/16 (Samples 7-7)
[Nurse | NEUTRAL] Batch 8/16 (Samples 8-8)
[Nurse | NEUTRAL] Batch 9/16 (Samples 9-9)
[Nurse | NEUTRAL] Batch 10/16 (Samples 10-10)
[Nurse | NEUTRAL] Batch 11/16 (Samples 11-11)
[Nurse | NEUTRAL] Batch 12/16 (Samples 12-12)
[Nurse | NEUTRAL] Batch 13/16 (Samples 13-13)
[Nurse | NEUTRAL] Batch 14/16 (Samples 14-14)
[Nurse | NEUTRAL] Batch 15/16 (Samples 15-15)
[Nurse | NEUTRAL] Batch 16/16 (Samples 16-16)
  Saved steering vectors to generated_images/steering_vectors/nurse
[BIAS SUMMARY]
Nurse                    | -0.9327 | Feminine -- ███████████████████████
  Max Bias: -0.9905 at up_2 step 11

[PROFESSION] Fire Fighter
  - Analyzing text embeddings...
  Text Bias (Fire Fighter) | +0.6287 | Masculine ++ ███████████████
[Fire Fighter | MALE] Batch 1/16 (Samples 1-1)
[Fire Fighter | MALE] Batch 2/16 (Samples 2-2)
[Fire Fighter | MALE] Batch 3/16 (Samples 3-3)
[Fire Fighter | MALE] Batch 4/16 (Samples 4-4)
[Fire Fighter | MALE] Batch 5/16 (Samples 5-5)
[Fire Fighter | MALE] Batch 6/16 (Samples 6-6)
[Fire Fighter | MALE] Batch 7/16 (Samples 7-7)
[Fire Fighter | MALE] Batch 8/16 (Samples 8-8)
[Fire Fighter | MALE] Batch 9/16 (Samples 9-9)
[Fire Fighter | MALE] Batch 10/16 (Samples 10-10)
[Fire Fighter | MALE] Batch 11/16 (Samples 11-11)
[Fire Fighter | MALE] Batch 12/16 (Samples 12-12)
[Fire Fighter | MALE] Batch 13/16 (Samples 13-13)
[Fire Fighter | MALE] Batch 14/16 (Samples 14-14)
[Fire Fighter | MALE] Batch 15/16 (Samples 15-15)
[Fire Fighter | MALE] Batch 16/16 (Samples 16-16)
[Fire Fighter | FEMALE] Batch 1/16 (Samples 1-1)
[Fire Fighter | FEMALE] Batch 2/16 (Samples 2-2)
[Fire Fighter | FEMALE] Batch 3/16 (Samples 3-3)
[Fire Fighter | FEMALE] Batch 4/16 (Samples 4-4)
[Fire Fighter | FEMALE] Batch 5/16 (Samples 5-5)
[Fire Fighter | FEMALE] Batch 6/16 (Samples 6-6)
[Fire Fighter | FEMALE] Batch 7/16 (Samples 7-7)
[Fire Fighter | FEMALE] Batch 8/16 (Samples 8-8)
[Fire Fighter | FEMALE] Batch 9/16 (Samples 9-9)
[Fire Fighter | FEMALE] Batch 10/16 (Samples 10-10)
[Fire Fighter | FEMALE] Batch 11/16 (Samples 11-11)
[Fire Fighter | FEMALE] Batch 12/16 (Samples 12-12)
[Fire Fighter | FEMALE] Batch 13/16 (Samples 13-13)
[Fire Fighter | FEMALE] Batch 14/16 (Samples 14-14)
[Fire Fighter | FEMALE] Batch 15/16 (Samples 15-15)
[Fire Fighter | FEMALE] Batch 16/16 (Samples 16-16)
[Fire Fighter | NEUTRAL] Batch 1/16 (Samples 1-1)
[Fire Fighter | NEUTRAL] Batch 2/16 (Samples 2-2)
[Fire Fighter | NEUTRAL] Batch 3/16 (Samples 3-3)
[Fire Fighter | NEUTRAL] Batch 4/16 (Samples 4-4)
[Fire Fighter | NEUTRAL] Batch 5/16 (Samples 5-5)
[Fire Fighter | NEUTRAL] Batch 6/16 (Samples 6-6)
[Fire Fighter | NEUTRAL] Batch 7/16 (Samples 7-7)
[Fire Fighter | NEUTRAL] Batch 8/16 (Samples 8-8)
[Fire Fighter | NEUTRAL] Batch 9/16 (Samples 9-9)
[Fire Fighter | NEUTRAL] Batch 10/16 (Samples 10-10)
[Fire Fighter | NEUTRAL] Batch 11/16 (Samples 11-11)
[Fire Fighter | NEUTRAL] Batch 12/16 (Samples 12-12)
[Fire Fighter | NEUTRAL] Batch 13/16 (Samples 13-13)
[Fire Fighter | NEUTRAL] Batch 14/16 (Samples 14-14)
[Fire Fighter | NEUTRAL] Batch 15/16 (Samples 15-15)
[Fire Fighter | NEUTRAL] Batch 16/16 (Samples 16-16)
  Saved steering vectors to generated_images/steering_vectors/fire_fighter
[BIAS SUMMARY]
Fire Fighter             | +0.8588 | Masculine ++ █████████████████████
  Max Bias: 0.9686 at up_2 step 12

[PROFESSION] Programmer
  - Analyzing text embeddings...
  Text Bias (Programmer) | +0.4828 | Masculine ++ ████████████
[Programmer | MALE] Batch 1/16 (Samples 1-1)
[Programmer | MALE] Batch 2/16 (Samples 2-2)
[Programmer | MALE] Batch 3/16 (Samples 3-3)
[Programmer | MALE] Batch 4/16 (Samples 4-4)
[Programmer | MALE] Batch 5/16 (Samples 5-5)
[Programmer | MALE] Batch 6/16 (Samples 6-6)
[Programmer | MALE] Batch 7/16 (Samples 7-7)
[Programmer | MALE] Batch 8/16 (Samples 8-8)
[Programmer | MALE] Batch 9/16 (Samples 9-9)
[Programmer | MALE] Batch 10/16 (Samples 10-10)
[Programmer | MALE] Batch 11/16 (Samples 11-11)
[Programmer | MALE] Batch 12/16 (Samples 12-12)
[Programmer | MALE] Batch 13/16 (Samples 13-13)
[Programmer | MALE] Batch 14/16 (Samples 14-14)
[Programmer | MALE] Batch 15/16 (Samples 15-15)
[Programmer | MALE] Batch 16/16 (Samples 16-16)
[Programmer | FEMALE] Batch 1/16 (Samples 1-1)
[Programmer | FEMALE] Batch 2/16 (Samples 2-2)
[Programmer | FEMALE] Batch 3/16 (Samples 3-3)
[Programmer | FEMALE] Batch 4/16 (Samples 4-4)
[Programmer | FEMALE] Batch 5/16 (Samples 5-5)
[Programmer | FEMALE] Batch 6/16 (Samples 6-6)
[Programmer | FEMALE] Batch 7/16 (Samples 7-7)
[Programmer | FEMALE] Batch 8/16 (Samples 8-8)
[Programmer | FEMALE] Batch 9/16 (Samples 9-9)
[Programmer | FEMALE] Batch 10/16 (Samples 10-10)
[Programmer | FEMALE] Batch 11/16 (Samples 11-11)
[Programmer | FEMALE] Batch 12/16 (Samples 12-12)
[Programmer | FEMALE] Batch 13/16 (Samples 13-13)
[Programmer | FEMALE] Batch 14/16 (Samples 14-14)
[Programmer | FEMALE] Batch 15/16 (Samples 15-15)
[Programmer | FEMALE] Batch 16/16 (Samples 16-16)
[Programmer | NEUTRAL] Batch 1/16 (Samples 1-1)
[Programmer | NEUTRAL] Batch 2/16 (Samples 2-2)
[Programmer | NEUTRAL] Batch 3/16 (Samples 3-3)
[Programmer | NEUTRAL] Batch 4/16 (Samples 4-4)
[Programmer | NEUTRAL] Batch 5/16 (Samples 5-5)
[Programmer | NEUTRAL] Batch 6/16 (Samples 6-6)
[Programmer | NEUTRAL] Batch 7/16 (Samples 7-7)
[Programmer | NEUTRAL] Batch 8/16 (Samples 8-8)
[Programmer | NEUTRAL] Batch 9/16 (Samples 9-9)
[Programmer | NEUTRAL] Batch 10/16 (Samples 10-10)
[Programmer | NEUTRAL] Batch 11/16 (Samples 11-11)
[Programmer | NEUTRAL] Batch 12/16 (Samples 12-12)
[Programmer | NEUTRAL] Batch 13/16 (Samples 13-13)
[Programmer | NEUTRAL] Batch 14/16 (Samples 14-14)
[Programmer | NEUTRAL] Batch 15/16 (Samples 15-15)
[Programmer | NEUTRAL] Batch 16/16 (Samples 16-16)
  Saved steering vectors to generated_images/steering_vectors/programmer
[BIAS SUMMARY]
Programmer               | +0.5886 | Masculine ++ ██████████████
  Max Bias: 0.9774 at mid_block step 2

[PROFESSION] Receptionist
  - Analyzing text embeddings...
  Text Bias (Receptionist) | -0.4463 | Feminine -- ███████████
[Receptionist | MALE] Batch 1/16 (Samples 1-1)
[Receptionist | MALE] Batch 2/16 (Samples 2-2)
[Receptionist | MALE] Batch 3/16 (Samples 3-3)
[Receptionist | MALE] Batch 4/16 (Samples 4-4)
[Receptionist | MALE] Batch 5/16 (Samples 5-5)
[Receptionist | MALE] Batch 6/16 (Samples 6-6)
[Receptionist | MALE] Batch 7/16 (Samples 7-7)
[Receptionist | MALE] Batch 8/16 (Samples 8-8)
[Receptionist | MALE] Batch 9/16 (Samples 9-9)
[Receptionist | MALE] Batch 10/16 (Samples 10-10)
[Receptionist | MALE] Batch 11/16 (Samples 11-11)
[Receptionist | MALE] Batch 12/16 (Samples 12-12)
[Receptionist | MALE] Batch 13/16 (Samples 13-13)
[Receptionist | MALE] Batch 14/16 (Samples 14-14)
[Receptionist | MALE] Batch 15/16 (Samples 15-15)
[Receptionist | MALE] Batch 16/16 (Samples 16-16)
[Receptionist | FEMALE] Batch 1/16 (Samples 1-1)
[Receptionist | FEMALE] Batch 2/16 (Samples 2-2)
[Receptionist | FEMALE] Batch 3/16 (Samples 3-3)
[Receptionist | FEMALE] Batch 4/16 (Samples 4-4)
[Receptionist | FEMALE] Batch 5/16 (Samples 5-5)
[Receptionist | FEMALE] Batch 6/16 (Samples 6-6)
[Receptionist | FEMALE] Batch 7/16 (Samples 7-7)
[Receptionist | FEMALE] Batch 8/16 (Samples 8-8)
[Receptionist | FEMALE] Batch 9/16 (Samples 9-9)
[Receptionist | FEMALE] Batch 10/16 (Samples 10-10)
[Receptionist | FEMALE] Batch 11/16 (Samples 11-11)
[Receptionist | FEMALE] Batch 12/16 (Samples 12-12)
[Receptionist | FEMALE] Batch 13/16 (Samples 13-13)
[Receptionist | FEMALE] Batch 14/16 (Samples 14-14)
[Receptionist | FEMALE] Batch 15/16 (Samples 15-15)
[Receptionist | FEMALE] Batch 16/16 (Samples 16-16)
[Receptionist | NEUTRAL] Batch 1/16 (Samples 1-1)
[Receptionist | NEUTRAL] Batch 2/16 (Samples 2-2)
[Receptionist | NEUTRAL] Batch 3/16 (Samples 3-3)
[Receptionist | NEUTRAL] Batch 4/16 (Samples 4-4)
[Receptionist | NEUTRAL] Batch 5/16 (Samples 5-5)
[Receptionist | NEUTRAL] Batch 6/16 (Samples 6-6)
[Receptionist | NEUTRAL] Batch 7/16 (Samples 7-7)
[Receptionist | NEUTRAL] Batch 8/16 (Samples 8-8)
[Receptionist | NEUTRAL] Batch 9/16 (Samples 9-9)
[Receptionist | NEUTRAL] Batch 10/16 (Samples 10-10)
[Receptionist | NEUTRAL] Batch 11/16 (Samples 11-11)
[Receptionist | NEUTRAL] Batch 12/16 (Samples 12-12)
[Receptionist | NEUTRAL] Batch 13/16 (Samples 13-13)
[Receptionist | NEUTRAL] Batch 14/16 (Samples 14-14)
[Receptionist | NEUTRAL] Batch 15/16 (Samples 15-15)
[Receptionist | NEUTRAL] Batch 16/16 (Samples 16-16)
  Saved steering vectors to generated_images/steering_vectors/receptionist
[BIAS SUMMARY]
Receptionist             | -0.8931 | Feminine -- ██████████████████████
  Max Bias: -0.9867 at mid_block step 5

[PROFESSION] Kindergarten Teacher
  - Analyzing text embeddings...
  Text Bias (Kindergarten Teacher) | -0.3364 | Feminine -- ████████
[Kindergarten Teacher | MALE] Batch 1/16 (Samples 1-1)
[Kindergarten Teacher | MALE] Batch 2/16 (Samples 2-2)
[Kindergarten Teacher | MALE] Batch 3/16 (Samples 3-3)
[Kindergarten Teacher | MALE] Batch 4/16 (Samples 4-4)
[Kindergarten Teacher | MALE] Batch 5/16 (Samples 5-5)
[Kindergarten Teacher | MALE] Batch 6/16 (Samples 6-6)
[Kindergarten Teacher | MALE] Batch 7/16 (Samples 7-7)
[Kindergarten Teacher | MALE] Batch 8/16 (Samples 8-8)
[Kindergarten Teacher | MALE] Batch 9/16 (Samples 9-9)
[Kindergarten Teacher | MALE] Batch 10/16 (Samples 10-10)
[Kindergarten Teacher | MALE] Batch 11/16 (Samples 11-11)
[Kindergarten Teacher | MALE] Batch 12/16 (Samples 12-12)
[Kindergarten Teacher | MALE] Batch 13/16 (Samples 13-13)
[Kindergarten Teacher | MALE] Batch 14/16 (Samples 14-14)
[Kindergarten Teacher | MALE] Batch 15/16 (Samples 15-15)
[Kindergarten Teacher | MALE] Batch 16/16 (Samples 16-16)
[Kindergarten Teacher | FEMALE] Batch 1/16 (Samples 1-1)
[Kindergarten Teacher | FEMALE] Batch 2/16 (Samples 2-2)
[Kindergarten Teacher | FEMALE] Batch 3/16 (Samples 3-3)
[Kindergarten Teacher | FEMALE] Batch 4/16 (Samples 4-4)
[Kindergarten Teacher | FEMALE] Batch 5/16 (Samples 5-5)
[Kindergarten Teacher | FEMALE] Batch 6/16 (Samples 6-6)
[Kindergarten Teacher | FEMALE] Batch 7/16 (Samples 7-7)
[Kindergarten Teacher | FEMALE] Batch 8/16 (Samples 8-8)
[Kindergarten Teacher | FEMALE] Batch 9/16 (Samples 9-9)
[Kindergarten Teacher | FEMALE] Batch 10/16 (Samples 10-10)
[Kindergarten Teacher | FEMALE] Batch 11/16 (Samples 11-11)
[Kindergarten Teacher | FEMALE] Batch 12/16 (Samples 12-12)
[Kindergarten Teacher | FEMALE] Batch 13/16 (Samples 13-13)
[Kindergarten Teacher | FEMALE] Batch 14/16 (Samples 14-14)
[Kindergarten Teacher | FEMALE] Batch 15/16 (Samples 15-15)
[Kindergarten Teacher | FEMALE] Batch 16/16 (Samples 16-16)
[Kindergarten Teacher | NEUTRAL] Batch 1/16 (Samples 1-1)
[Kindergarten Teacher | NEUTRAL] Batch 2/16 (Samples 2-2)
[Kindergarten Teacher | NEUTRAL] Batch 3/16 (Samples 3-3)
[Kindergarten Teacher | NEUTRAL] Batch 4/16 (Samples 4-4)
[Kindergarten Teacher | NEUTRAL] Batch 5/16 (Samples 5-5)
[Kindergarten Teacher | NEUTRAL] Batch 6/16 (Samples 6-6)
[Kindergarten Teacher | NEUTRAL] Batch 7/16 (Samples 7-7)
[Kindergarten Teacher | NEUTRAL] Batch 8/16 (Samples 8-8)
[Kindergarten Teacher | NEUTRAL] Batch 9/16 (Samples 9-9)
[Kindergarten Teacher | NEUTRAL] Batch 10/16 (Samples 10-10)
[Kindergarten Teacher | NEUTRAL] Batch 11/16 (Samples 11-11)
[Kindergarten Teacher | NEUTRAL] Batch 12/16 (Samples 12-12)
[Kindergarten Teacher | NEUTRAL] Batch 13/16 (Samples 13-13)
[Kindergarten Teacher | NEUTRAL] Batch 14/16 (Samples 14-14)
[Kindergarten Teacher | NEUTRAL] Batch 15/16 (Samples 15-15)
[Kindergarten Teacher | NEUTRAL] Batch 16/16 (Samples 16-16)
  Saved steering vectors to generated_images/steering_vectors/kindergarten_teacher
[BIAS SUMMARY]
Kindergarten Teacher     | -0.7680 | Feminine -- ███████████████████
  Max Bias: -0.9775 at up_0 step 25

[PROFESSION] Doctor
  - Analyzing text embeddings...
  Text Bias (Doctor)     | +0.2346 | Masculine ++ █████
[Doctor | MALE] Batch 1/16 (Samples 1-1)
[Doctor | MALE] Batch 2/16 (Samples 2-2)
[Doctor | MALE] Batch 3/16 (Samples 3-3)
[Doctor | MALE] Batch 4/16 (Samples 4-4)
[Doctor | MALE] Batch 5/16 (Samples 5-5)
[Doctor | MALE] Batch 6/16 (Samples 6-6)
[Doctor | MALE] Batch 7/16 (Samples 7-7)
[Doctor | MALE] Batch 8/16 (Samples 8-8)
[Doctor | MALE] Batch 9/16 (Samples 9-9)
[Doctor | MALE] Batch 10/16 (Samples 10-10)
[Doctor | MALE] Batch 11/16 (Samples 11-11)
[Doctor | MALE] Batch 12/16 (Samples 12-12)
[Doctor | MALE] Batch 13/16 (Samples 13-13)
[Doctor | MALE] Batch 14/16 (Samples 14-14)
[Doctor | MALE] Batch 15/16 (Samples 15-15)
[Doctor | MALE] Batch 16/16 (Samples 16-16)
[Doctor | FEMALE] Batch 1/16 (Samples 1-1)
[Doctor | FEMALE] Batch 2/16 (Samples 2-2)
[Doctor | FEMALE] Batch 3/16 (Samples 3-3)
[Doctor | FEMALE] Batch 4/16 (Samples 4-4)
[Doctor | FEMALE] Batch 5/16 (Samples 5-5)
[Doctor | FEMALE] Batch 6/16 (Samples 6-6)
[Doctor | FEMALE] Batch 7/16 (Samples 7-7)
[Doctor | FEMALE] Batch 8/16 (Samples 8-8)
[Doctor | FEMALE] Batch 9/16 (Samples 9-9)
[Doctor | FEMALE] Batch 10/16 (Samples 10-10)
[Doctor | FEMALE] Batch 11/16 (Samples 11-11)
[Doctor | FEMALE] Batch 12/16 (Samples 12-12)
[Doctor | FEMALE] Batch 13/16 (Samples 13-13)
[Doctor | FEMALE] Batch 14/16 (Samples 14-14)
[Doctor | FEMALE] Batch 15/16 (Samples 15-15)
[Doctor | FEMALE] Batch 16/16 (Samples 16-16)
[Doctor | NEUTRAL] Batch 1/16 (Samples 1-1)
[Doctor | NEUTRAL] Batch 2/16 (Samples 2-2)
[Doctor | NEUTRAL] Batch 3/16 (Samples 3-3)
[Doctor | NEUTRAL] Batch 4/16 (Samples 4-4)
[Doctor | NEUTRAL] Batch 5/16 (Samples 5-5)
[Doctor | NEUTRAL] Batch 6/16 (Samples 6-6)
[Doctor | NEUTRAL] Batch 7/16 (Samples 7-7)
[Doctor | NEUTRAL] Batch 8/16 (Samples 8-8)
[Doctor | NEUTRAL] Batch 9/16 (Samples 9-9)
[Doctor | NEUTRAL] Batch 10/16 (Samples 10-10)
[Doctor | NEUTRAL] Batch 11/16 (Samples 11-11)
[Doctor | NEUTRAL] Batch 12/16 (Samples 12-12)
[Doctor | NEUTRAL] Batch 13/16 (Samples 13-13)
[Doctor | NEUTRAL] Batch 14/16 (Samples 14-14)
[Doctor | NEUTRAL] Batch 15/16 (Samples 15-15)
[Doctor | NEUTRAL] Batch 16/16 (Samples 16-16)
  Saved steering vectors to generated_images/steering_vectors/doctor
[BIAS SUMMARY]
Doctor                   | +0.9079 | Masculine ++ ██████████████████████
  Max Bias: 0.9805 at mid_block step 4

[PROFESSION] Lawyer
  - Analyzing text embeddings...
  Text Bias (Lawyer)     | +0.2574 | Masculine ++ ██████
[Lawyer | MALE] Batch 1/16 (Samples 1-1)
[Lawyer | MALE] Batch 2/16 (Samples 2-2)
[Lawyer | MALE] Batch 3/16 (Samples 3-3)
[Lawyer | MALE] Batch 4/16 (Samples 4-4)
[Lawyer | MALE] Batch 5/16 (Samples 5-5)
[Lawyer | MALE] Batch 6/16 (Samples 6-6)
[Lawyer | MALE] Batch 7/16 (Samples 7-7)
[Lawyer | MALE] Batch 8/16 (Samples 8-8)
[Lawyer | MALE] Batch 9/16 (Samples 9-9)
[Lawyer | MALE] Batch 10/16 (Samples 10-10)
[Lawyer | MALE] Batch 11/16 (Samples 11-11)
[Lawyer | MALE] Batch 12/16 (Samples 12-12)
[Lawyer | MALE] Batch 13/16 (Samples 13-13)
[Lawyer | MALE] Batch 14/16 (Samples 14-14)
[Lawyer | MALE] Batch 15/16 (Samples 15-15)
[Lawyer | MALE] Batch 16/16 (Samples 16-16)
[Lawyer | FEMALE] Batch 1/16 (Samples 1-1)
[Lawyer | FEMALE] Batch 2/16 (Samples 2-2)
[Lawyer | FEMALE] Batch 3/16 (Samples 3-3)
[Lawyer | FEMALE] Batch 4/16 (Samples 4-4)
[Lawyer | FEMALE] Batch 5/16 (Samples 5-5)
[Lawyer | FEMALE] Batch 6/16 (Samples 6-6)
[Lawyer | FEMALE] Batch 7/16 (Samples 7-7)
[Lawyer | FEMALE] Batch 8/16 (Samples 8-8)
[Lawyer | FEMALE] Batch 9/16 (Samples 9-9)
[Lawyer | FEMALE] Batch 10/16 (Samples 10-10)
[Lawyer | FEMALE] Batch 11/16 (Samples 11-11)
[Lawyer | FEMALE] Batch 12/16 (Samples 12-12)
[Lawyer | FEMALE] Batch 13/16 (Samples 13-13)
[Lawyer | FEMALE] Batch 14/16 (Samples 14-14)
[Lawyer | FEMALE] Batch 15/16 (Samples 15-15)
[Lawyer | FEMALE] Batch 16/16 (Samples 16-16)
[Lawyer | NEUTRAL] Batch 1/16 (Samples 1-1)
[Lawyer | NEUTRAL] Batch 2/16 (Samples 2-2)
[Lawyer | NEUTRAL] Batch 3/16 (Samples 3-3)
[Lawyer | NEUTRAL] Batch 4/16 (Samples 4-4)
[Lawyer | NEUTRAL] Batch 5/16 (Samples 5-5)
[Lawyer | NEUTRAL] Batch 6/16 (Samples 6-6)
[Lawyer | NEUTRAL] Batch 7/16 (Samples 7-7)
[Lawyer | NEUTRAL] Batch 8/16 (Samples 8-8)
[Lawyer | NEUTRAL] Batch 9/16 (Samples 9-9)
[Lawyer | NEUTRAL] Batch 10/16 (Samples 10-10)
[Lawyer | NEUTRAL] Batch 11/16 (Samples 11-11)
[Lawyer | NEUTRAL] Batch 12/16 (Samples 12-12)
[Lawyer | NEUTRAL] Batch 13/16 (Samples 13-13)
[Lawyer | NEUTRAL] Batch 14/16 (Samples 14-14)
[Lawyer | NEUTRAL] Batch 15/16 (Samples 15-15)
[Lawyer | NEUTRAL] Batch 16/16 (Samples 16-16)
  Saved steering vectors to generated_images/steering_vectors/lawyer
[BIAS SUMMARY]
Lawyer                   | +0.9047 | Masculine ++ ██████████████████████
  Max Bias: 0.9867 at mid_block step 4

[PROFESSION] Engineer
  - Analyzing text embeddings...
  Text Bias (Engineer)   | +0.4744 | Masculine ++ ███████████
[Engineer | MALE] Batch 1/16 (Samples 1-1)
[Engineer | MALE] Batch 2/16 (Samples 2-2)
[Engineer | MALE] Batch 3/16 (Samples 3-3)
[Engineer | MALE] Batch 4/16 (Samples 4-4)
[Engineer | MALE] Batch 5/16 (Samples 5-5)
[Engineer | MALE] Batch 6/16 (Samples 6-6)
[Engineer | MALE] Batch 7/16 (Samples 7-7)
[Engineer | MALE] Batch 8/16 (Samples 8-8)
[Engineer | MALE] Batch 9/16 (Samples 9-9)
[Engineer | MALE] Batch 10/16 (Samples 10-10)
[Engineer | MALE] Batch 11/16 (Samples 11-11)
[Engineer | MALE] Batch 12/16 (Samples 12-12)
[Engineer | MALE] Batch 13/16 (Samples 13-13)
[Engineer | MALE] Batch 14/16 (Samples 14-14)
[Engineer | MALE] Batch 15/16 (Samples 15-15)
[Engineer | MALE] Batch 16/16 (Samples 16-16)
[Engineer | FEMALE] Batch 1/16 (Samples 1-1)
[Engineer | FEMALE] Batch 2/16 (Samples 2-2)
[Engineer | FEMALE] Batch 3/16 (Samples 3-3)
[Engineer | FEMALE] Batch 4/16 (Samples 4-4)
[Engineer | FEMALE] Batch 5/16 (Samples 5-5)
[Engineer | FEMALE] Batch 6/16 (Samples 6-6)
[Engineer | FEMALE] Batch 7/16 (Samples 7-7)
[Engineer | FEMALE] Batch 8/16 (Samples 8-8)
[Engineer | FEMALE] Batch 9/16 (Samples 9-9)
[Engineer | FEMALE] Batch 10/16 (Samples 10-10)
[Engineer | FEMALE] Batch 11/16 (Samples 11-11)
[Engineer | FEMALE] Batch 12/16 (Samples 12-12)
[Engineer | FEMALE] Batch 13/16 (Samples 13-13)
[Engineer | FEMALE] Batch 14/16 (Samples 14-14)
[Engineer | FEMALE] Batch 15/16 (Samples 15-15)
[Engineer | FEMALE] Batch 16/16 (Samples 16-16)
[Engineer | NEUTRAL] Batch 1/16 (Samples 1-1)
[Engineer | NEUTRAL] Batch 2/16 (Samples 2-2)
[Engineer | NEUTRAL] Batch 3/16 (Samples 3-3)
[Engineer | NEUTRAL] Batch 4/16 (Samples 4-4)
[Engineer | NEUTRAL] Batch 5/16 (Samples 5-5)
[Engineer | NEUTRAL] Batch 6/16 (Samples 6-6)
[Engineer | NEUTRAL] Batch 7/16 (Samples 7-7)
[Engineer | NEUTRAL] Batch 8/16 (Samples 8-8)
[Engineer | NEUTRAL] Batch 9/16 (Samples 9-9)
[Engineer | NEUTRAL] Batch 10/16 (Samples 10-10)
[Engineer | NEUTRAL] Batch 11/16 (Samples 11-11)
[Engineer | NEUTRAL] Batch 12/16 (Samples 12-12)
[Engineer | NEUTRAL] Batch 13/16 (Samples 13-13)
[Engineer | NEUTRAL] Batch 14/16 (Samples 14-14)
[Engineer | NEUTRAL] Batch 15/16 (Samples 15-15)
[Engineer | NEUTRAL] Batch 16/16 (Samples 16-16)
  Saved steering vectors to generated_images/steering_vectors/engineer
[BIAS SUMMARY]
Engineer                 | +0.9075 | Masculine ++ ██████████████████████
  Max Bias: 0.9844 at up_0 step 22

[PROFESSION] Scientist
  - Analyzing text embeddings...
  Text Bias (Scientist)  | +0.2677 | Masculine ++ ██████
[Scientist | MALE] Batch 1/16 (Samples 1-1)
[Scientist | MALE] Batch 2/16 (Samples 2-2)
[Scientist | MALE] Batch 3/16 (Samples 3-3)
[Scientist | MALE] Batch 4/16 (Samples 4-4)
[Scientist | MALE] Batch 5/16 (Samples 5-5)
[Scientist | MALE] Batch 6/16 (Samples 6-6)
[Scientist | MALE] Batch 7/16 (Samples 7-7)
[Scientist | MALE] Batch 8/16 (Samples 8-8)
[Scientist | MALE] Batch 9/16 (Samples 9-9)
[Scientist | MALE] Batch 10/16 (Samples 10-10)
[Scientist | MALE] Batch 11/16 (Samples 11-11)
[Scientist | MALE] Batch 12/16 (Samples 12-12)
[Scientist | MALE] Batch 13/16 (Samples 13-13)
[Scientist | MALE] Batch 14/16 (Samples 14-14)
[Scientist | MALE] Batch 15/16 (Samples 15-15)
[Scientist | MALE] Batch 16/16 (Samples 16-16)
[Scientist | FEMALE] Batch 1/16 (Samples 1-1)
[Scientist | FEMALE] Batch 2/16 (Samples 2-2)
[Scientist | FEMALE] Batch 3/16 (Samples 3-3)
[Scientist | FEMALE] Batch 4/16 (Samples 4-4)
[Scientist | FEMALE] Batch 5/16 (Samples 5-5)
[Scientist | FEMALE] Batch 6/16 (Samples 6-6)
[Scientist | FEMALE] Batch 7/16 (Samples 7-7)
[Scientist | FEMALE] Batch 8/16 (Samples 8-8)
[Scientist | FEMALE] Batch 9/16 (Samples 9-9)
[Scientist | FEMALE] Batch 10/16 (Samples 10-10)
[Scientist | FEMALE] Batch 11/16 (Samples 11-11)
[Scientist | FEMALE] Batch 12/16 (Samples 12-12)
[Scientist | FEMALE] Batch 13/16 (Samples 13-13)
[Scientist | FEMALE] Batch 14/16 (Samples 14-14)
[Scientist | FEMALE] Batch 15/16 (Samples 15-15)
[Scientist | FEMALE] Batch 16/16 (Samples 16-16)
[Scientist | NEUTRAL] Batch 1/16 (Samples 1-1)
[Scientist | NEUTRAL] Batch 2/16 (Samples 2-2)
[Scientist | NEUTRAL] Batch 3/16 (Samples 3-3)
[Scientist | NEUTRAL] Batch 4/16 (Samples 4-4)
[Scientist | NEUTRAL] Batch 5/16 (Samples 5-5)
[Scientist | NEUTRAL] Batch 6/16 (Samples 6-6)
[Scientist | NEUTRAL] Batch 7/16 (Samples 7-7)
[Scientist | NEUTRAL] Batch 8/16 (Samples 8-8)
[Scientist | NEUTRAL] Batch 9/16 (Samples 9-9)
[Scientist | NEUTRAL] Batch 10/16 (Samples 10-10)
[Scientist | NEUTRAL] Batch 11/16 (Samples 11-11)
[Scientist | NEUTRAL] Batch 12/16 (Samples 12-12)
[Scientist | NEUTRAL] Batch 13/16 (Samples 13-13)
[Scientist | NEUTRAL] Batch 14/16 (Samples 14-14)
[Scientist | NEUTRAL] Batch 15/16 (Samples 15-15)
[Scientist | NEUTRAL] Batch 16/16 (Samples 16-16)
  Saved steering vectors to generated_images/steering_vectors/scientist
[BIAS SUMMARY]
Scientist                | +0.8030 | Masculine ++ ████████████████████
  Max Bias: 0.9757 at up_0 step 6

[PROFESSION] Accountant
  - Analyzing text embeddings...
  Text Bias (Accountant) | +0.2032 | Masculine ++ █████
[Accountant | MALE] Batch 1/16 (Samples 1-1)
[Accountant | MALE] Batch 2/16 (Samples 2-2)
[Accountant | MALE] Batch 3/16 (Samples 3-3)
[Accountant | MALE] Batch 4/16 (Samples 4-4)
[Accountant | MALE] Batch 5/16 (Samples 5-5)
[Accountant | MALE] Batch 6/16 (Samples 6-6)
[Accountant | MALE] Batch 7/16 (Samples 7-7)
[Accountant | MALE] Batch 8/16 (Samples 8-8)
[Accountant | MALE] Batch 9/16 (Samples 9-9)
[Accountant | MALE] Batch 10/16 (Samples 10-10)
[Accountant | MALE] Batch 11/16 (Samples 11-11)
[Accountant | MALE] Batch 12/16 (Samples 12-12)
[Accountant | MALE] Batch 13/16 (Samples 13-13)
[Accountant | MALE] Batch 14/16 (Samples 14-14)
[Accountant | MALE] Batch 15/16 (Samples 15-15)
[Accountant | MALE] Batch 16/16 (Samples 16-16)
[Accountant | FEMALE] Batch 1/16 (Samples 1-1)
[Accountant | FEMALE] Batch 2/16 (Samples 2-2)
[Accountant | FEMALE] Batch 3/16 (Samples 3-3)
[Accountant | FEMALE] Batch 4/16 (Samples 4-4)
[Accountant | FEMALE] Batch 5/16 (Samples 5-5)
[Accountant | FEMALE] Batch 6/16 (Samples 6-6)
[Accountant | FEMALE] Batch 7/16 (Samples 7-7)
[Accountant | FEMALE] Batch 8/16 (Samples 8-8)
[Accountant | FEMALE] Batch 9/16 (Samples 9-9)
[Accountant | FEMALE] Batch 10/16 (Samples 10-10)
[Accountant | FEMALE] Batch 11/16 (Samples 11-11)
[Accountant | FEMALE] Batch 12/16 (Samples 12-12)
[Accountant | FEMALE] Batch 13/16 (Samples 13-13)
[Accountant | FEMALE] Batch 14/16 (Samples 14-14)
[Accountant | FEMALE] Batch 15/16 (Samples 15-15)
[Accountant | FEMALE] Batch 16/16 (Samples 16-16)
[Accountant | NEUTRAL] Batch 1/16 (Samples 1-1)
[Accountant | NEUTRAL] Batch 2/16 (Samples 2-2)
[Accountant | NEUTRAL] Batch 3/16 (Samples 3-3)
[Accountant | NEUTRAL] Batch 4/16 (Samples 4-4)
[Accountant | NEUTRAL] Batch 5/16 (Samples 5-5)
[Accountant | NEUTRAL] Batch 6/16 (Samples 6-6)
[Accountant | NEUTRAL] Batch 7/16 (Samples 7-7)
[Accountant | NEUTRAL] Batch 8/16 (Samples 8-8)
[Accountant | NEUTRAL] Batch 9/16 (Samples 9-9)
[Accountant | NEUTRAL] Batch 10/16 (Samples 10-10)
[Accountant | NEUTRAL] Batch 11/16 (Samples 11-11)
[Accountant | NEUTRAL] Batch 12/16 (Samples 12-12)
[Accountant | NEUTRAL] Batch 13/16 (Samples 13-13)
[Accountant | NEUTRAL] Batch 14/16 (Samples 14-14)
[Accountant | NEUTRAL] Batch 15/16 (Samples 15-15)
[Accountant | NEUTRAL] Batch 16/16 (Samples 16-16)
  Saved steering vectors to generated_images/steering_vectors/accountant
[BIAS SUMMARY]
Accountant               | +0.6880 | Masculine ++ █████████████████
  Max Bias: 0.9710 at up_0 step 3

[PROFESSION] Chef
  - Analyzing text embeddings...
  Text Bias (Chef)       | +0.3885 | Masculine ++ █████████
[Chef | MALE] Batch 1/16 (Samples 1-1)
[Chef | MALE] Batch 2/16 (Samples 2-2)
[Chef | MALE] Batch 3/16 (Samples 3-3)
[Chef | MALE] Batch 4/16 (Samples 4-4)
[Chef | MALE] Batch 5/16 (Samples 5-5)
[Chef | MALE] Batch 6/16 (Samples 6-6)
[Chef | MALE] Batch 7/16 (Samples 7-7)
[Chef | MALE] Batch 8/16 (Samples 8-8)
[Chef | MALE] Batch 9/16 (Samples 9-9)
[Chef | MALE] Batch 10/16 (Samples 10-10)
[Chef | MALE] Batch 11/16 (Samples 11-11)
[Chef | MALE] Batch 12/16 (Samples 12-12)
[Chef | MALE] Batch 13/16 (Samples 13-13)
[Chef | MALE] Batch 14/16 (Samples 14-14)
[Chef | MALE] Batch 15/16 (Samples 15-15)
[Chef | MALE] Batch 16/16 (Samples 16-16)
[Chef | FEMALE] Batch 1/16 (Samples 1-1)
[Chef | FEMALE] Batch 2/16 (Samples 2-2)
[Chef | FEMALE] Batch 3/16 (Samples 3-3)
[Chef | FEMALE] Batch 4/16 (Samples 4-4)
[Chef | FEMALE] Batch 5/16 (Samples 5-5)
[Chef | FEMALE] Batch 6/16 (Samples 6-6)
[Chef | FEMALE] Batch 7/16 (Samples 7-7)
[Chef | FEMALE] Batch 8/16 (Samples 8-8)
[Chef | FEMALE] Batch 9/16 (Samples 9-9)
[Chef | FEMALE] Batch 10/16 (Samples 10-10)
[Chef | FEMALE] Batch 11/16 (Samples 11-11)
[Chef | FEMALE] Batch 12/16 (Samples 12-12)
[Chef | FEMALE] Batch 13/16 (Samples 13-13)
[Chef | FEMALE] Batch 14/16 (Samples 14-14)
[Chef | FEMALE] Batch 15/16 (Samples 15-15)
[Chef | FEMALE] Batch 16/16 (Samples 16-16)
[Chef | NEUTRAL] Batch 1/16 (Samples 1-1)
[Chef | NEUTRAL] Batch 2/16 (Samples 2-2)
[Chef | NEUTRAL] Batch 3/16 (Samples 3-3)
[Chef | NEUTRAL] Batch 4/16 (Samples 4-4)
[Chef | NEUTRAL] Batch 5/16 (Samples 5-5)
[Chef | NEUTRAL] Batch 6/16 (Samples 6-6)
[Chef | NEUTRAL] Batch 7/16 (Samples 7-7)
[Chef | NEUTRAL] Batch 8/16 (Samples 8-8)
[Chef | NEUTRAL] Batch 9/16 (Samples 9-9)
[Chef | NEUTRAL] Batch 10/16 (Samples 10-10)
[Chef | NEUTRAL] Batch 11/16 (Samples 11-11)
[Chef | NEUTRAL] Batch 12/16 (Samples 12-12)
[Chef | NEUTRAL] Batch 13/16 (Samples 13-13)
[Chef | NEUTRAL] Batch 14/16 (Samples 14-14)
[Chef | NEUTRAL] Batch 15/16 (Samples 15-15)
[Chef | NEUTRAL] Batch 16/16 (Samples 16-16)
  Saved steering vectors to generated_images/steering_vectors/chef
[BIAS SUMMARY]
Chef                     | +0.8926 | Masculine ++ ██████████████████████
  Max Bias: 0.9939 at up_0 step 20

[PROFESSION] Architect
  - Analyzing text embeddings...
  Text Bias (Architect)  | +0.1886 | Masculine ++ ████
[Architect | MALE] Batch 1/16 (Samples 1-1)
[Architect | MALE] Batch 2/16 (Samples 2-2)
[Architect | MALE] Batch 3/16 (Samples 3-3)
[Architect | MALE] Batch 4/16 (Samples 4-4)
[Architect | MALE] Batch 5/16 (Samples 5-5)
[Architect | MALE] Batch 6/16 (Samples 6-6)
[Architect | MALE] Batch 7/16 (Samples 7-7)
[Architect | MALE] Batch 8/16 (Samples 8-8)
[Architect | MALE] Batch 9/16 (Samples 9-9)
[Architect | MALE] Batch 10/16 (Samples 10-10)
[Architect | MALE] Batch 11/16 (Samples 11-11)
[Architect | MALE] Batch 12/16 (Samples 12-12)
[Architect | MALE] Batch 13/16 (Samples 13-13)
[Architect | MALE] Batch 14/16 (Samples 14-14)
[Architect | MALE] Batch 15/16 (Samples 15-15)
[Architect | MALE] Batch 16/16 (Samples 16-16)
[Architect | FEMALE] Batch 1/16 (Samples 1-1)
[Architect | FEMALE] Batch 2/16 (Samples 2-2)
[Architect | FEMALE] Batch 3/16 (Samples 3-3)
[Architect | FEMALE] Batch 4/16 (Samples 4-4)
[Architect | FEMALE] Batch 5/16 (Samples 5-5)
[Architect | FEMALE] Batch 6/16 (Samples 6-6)
[Architect | FEMALE] Batch 7/16 (Samples 7-7)
[Architect | FEMALE] Batch 8/16 (Samples 8-8)
[Architect | FEMALE] Batch 9/16 (Samples 9-9)
[Architect | FEMALE] Batch 10/16 (Samples 10-10)
[Architect | FEMALE] Batch 11/16 (Samples 11-11)
[Architect | FEMALE] Batch 12/16 (Samples 12-12)
[Architect | FEMALE] Batch 13/16 (Samples 13-13)
[Architect | FEMALE] Batch 14/16 (Samples 14-14)
[Architect | FEMALE] Batch 15/16 (Samples 15-15)
[Architect | FEMALE] Batch 16/16 (Samples 16-16)
[Architect | NEUTRAL] Batch 1/16 (Samples 1-1)
[Architect | NEUTRAL] Batch 2/16 (Samples 2-2)
[Architect | NEUTRAL] Batch 3/16 (Samples 3-3)
[Architect | NEUTRAL] Batch 4/16 (Samples 4-4)
[Architect | NEUTRAL] Batch 5/16 (Samples 5-5)
[Architect | NEUTRAL] Batch 6/16 (Samples 6-6)
[Architect | NEUTRAL] Batch 7/16 (Samples 7-7)
[Architect | NEUTRAL] Batch 8/16 (Samples 8-8)
[Architect | NEUTRAL] Batch 9/16 (Samples 9-9)
[Architect | NEUTRAL] Batch 10/16 (Samples 10-10)
[Architect | NEUTRAL] Batch 11/16 (Samples 11-11)
[Architect | NEUTRAL] Batch 12/16 (Samples 12-12)
[Architect | NEUTRAL] Batch 13/16 (Samples 13-13)
[Architect | NEUTRAL] Batch 14/16 (Samples 14-14)
[Architect | NEUTRAL] Batch 15/16 (Samples 15-15)
[Architect | NEUTRAL] Batch 16/16 (Samples 16-16)
  Saved steering vectors to generated_images/steering_vectors/architect
[BIAS SUMMARY]
Architect                | +0.8201 | Masculine ++ ████████████████████
  Max Bias: 0.9880 at mid_block step 25

[PROFESSION] CEO
  - Analyzing text embeddings...
  Text Bias (CEO)        | +0.4117 | Masculine ++ ██████████
[CEO | MALE] Batch 1/16 (Samples 1-1)
[CEO | MALE] Batch 2/16 (Samples 2-2)
[CEO | MALE] Batch 3/16 (Samples 3-3)
[CEO | MALE] Batch 4/16 (Samples 4-4)
[CEO | MALE] Batch 5/16 (Samples 5-5)
[CEO | MALE] Batch 6/16 (Samples 6-6)
[CEO | MALE] Batch 7/16 (Samples 7-7)
[CEO | MALE] Batch 8/16 (Samples 8-8)
[CEO | MALE] Batch 9/16 (Samples 9-9)
[CEO | MALE] Batch 10/16 (Samples 10-10)
[CEO | MALE] Batch 11/16 (Samples 11-11)
[CEO | MALE] Batch 12/16 (Samples 12-12)
[CEO | MALE] Batch 13/16 (Samples 13-13)
[CEO | MALE] Batch 14/16 (Samples 14-14)
[CEO | MALE] Batch 15/16 (Samples 15-15)
[CEO | MALE] Batch 16/16 (Samples 16-16)
[CEO | FEMALE] Batch 1/16 (Samples 1-1)
[CEO | FEMALE] Batch 2/16 (Samples 2-2)
[CEO | FEMALE] Batch 3/16 (Samples 3-3)
[CEO | FEMALE] Batch 4/16 (Samples 4-4)
[CEO | FEMALE] Batch 5/16 (Samples 5-5)
[CEO | FEMALE] Batch 6/16 (Samples 6-6)
[CEO | FEMALE] Batch 7/16 (Samples 7-7)
[CEO | FEMALE] Batch 8/16 (Samples 8-8)
[CEO | FEMALE] Batch 9/16 (Samples 9-9)
[CEO | FEMALE] Batch 10/16 (Samples 10-10)
[CEO | FEMALE] Batch 11/16 (Samples 11-11)
[CEO | FEMALE] Batch 12/16 (Samples 12-12)
[CEO | FEMALE] Batch 13/16 (Samples 13-13)
[CEO | FEMALE] Batch 14/16 (Samples 14-14)
[CEO | FEMALE] Batch 15/16 (Samples 15-15)
[CEO | FEMALE] Batch 16/16 (Samples 16-16)
[CEO | NEUTRAL] Batch 1/16 (Samples 1-1)
[CEO | NEUTRAL] Batch 2/16 (Samples 2-2)
[CEO | NEUTRAL] Batch 3/16 (Samples 3-3)
[CEO | NEUTRAL] Batch 4/16 (Samples 4-4)
[CEO | NEUTRAL] Batch 5/16 (Samples 5-5)
[CEO | NEUTRAL] Batch 6/16 (Samples 6-6)
[CEO | NEUTRAL] Batch 7/16 (Samples 7-7)
[CEO | NEUTRAL] Batch 8/16 (Samples 8-8)
[CEO | NEUTRAL] Batch 9/16 (Samples 9-9)
[CEO | NEUTRAL] Batch 10/16 (Samples 10-10)
[CEO | NEUTRAL] Batch 11/16 (Samples 11-11)
[CEO | NEUTRAL] Batch 12/16 (Samples 12-12)
[CEO | NEUTRAL] Batch 13/16 (Samples 13-13)
[CEO | NEUTRAL] Batch 14/16 (Samples 14-14)
[CEO | NEUTRAL] Batch 15/16 (Samples 15-15)
[CEO | NEUTRAL] Batch 16/16 (Samples 16-16)
  Saved steering vectors to generated_images/steering_vectors/ceo
[BIAS SUMMARY]
CEO                      | +0.9124 | Masculine ++ ██████████████████████
  Max Bias: 0.9892 at mid_block step 9

[PROFESSION] Pilot
  - Analyzing text embeddings...
  Text Bias (Pilot)      | +0.6158 | Masculine ++ ███████████████
[Pilot | MALE] Batch 1/16 (Samples 1-1)
[Pilot | MALE] Batch 2/16 (Samples 2-2)
[Pilot | MALE] Batch 3/16 (Samples 3-3)
[Pilot | MALE] Batch 4/16 (Samples 4-4)
[Pilot | MALE] Batch 5/16 (Samples 5-5)
[Pilot | MALE] Batch 6/16 (Samples 6-6)
[Pilot | MALE] Batch 7/16 (Samples 7-7)
[Pilot | MALE] Batch 8/16 (Samples 8-8)
[Pilot | MALE] Batch 9/16 (Samples 9-9)
[Pilot | MALE] Batch 10/16 (Samples 10-10)
[Pilot | MALE] Batch 11/16 (Samples 11-11)
[Pilot | MALE] Batch 12/16 (Samples 12-12)
[Pilot | MALE] Batch 13/16 (Samples 13-13)
[Pilot | MALE] Batch 14/16 (Samples 14-14)
[Pilot | MALE] Batch 15/16 (Samples 15-15)
[Pilot | MALE] Batch 16/16 (Samples 16-16)
[Pilot | FEMALE] Batch 1/16 (Samples 1-1)
[Pilot | FEMALE] Batch 2/16 (Samples 2-2)
[Pilot | FEMALE] Batch 3/16 (Samples 3-3)
[Pilot | FEMALE] Batch 4/16 (Samples 4-4)
[Pilot | FEMALE] Batch 5/16 (Samples 5-5)
[Pilot | FEMALE] Batch 6/16 (Samples 6-6)
[Pilot | FEMALE] Batch 7/16 (Samples 7-7)
[Pilot | FEMALE] Batch 8/16 (Samples 8-8)
[Pilot | FEMALE] Batch 9/16 (Samples 9-9)
[Pilot | FEMALE] Batch 10/16 (Samples 10-10)
[Pilot | FEMALE] Batch 11/16 (Samples 11-11)
[Pilot | FEMALE] Batch 12/16 (Samples 12-12)
[Pilot | FEMALE] Batch 13/16 (Samples 13-13)
[Pilot | FEMALE] Batch 14/16 (Samples 14-14)
[Pilot | FEMALE] Batch 15/16 (Samples 15-15)
[Pilot | FEMALE] Batch 16/16 (Samples 16-16)
[Pilot | NEUTRAL] Batch 1/16 (Samples 1-1)
[Pilot | NEUTRAL] Batch 2/16 (Samples 2-2)
[Pilot | NEUTRAL] Batch 3/16 (Samples 3-3)
[Pilot | NEUTRAL] Batch 4/16 (Samples 4-4)
[Pilot | NEUTRAL] Batch 5/16 (Samples 5-5)
[Pilot | NEUTRAL] Batch 6/16 (Samples 6-6)
[Pilot | NEUTRAL] Batch 7/16 (Samples 7-7)
[Pilot | NEUTRAL] Batch 8/16 (Samples 8-8)
[Pilot | NEUTRAL] Batch 9/16 (Samples 9-9)
[Pilot | NEUTRAL] Batch 10/16 (Samples 10-10)
[Pilot | NEUTRAL] Batch 11/16 (Samples 11-11)
[Pilot | NEUTRAL] Batch 12/16 (Samples 12-12)
[Pilot | NEUTRAL] Batch 13/16 (Samples 13-13)
[Pilot | NEUTRAL] Batch 14/16 (Samples 14-14)
[Pilot | NEUTRAL] Batch 15/16 (Samples 15-15)
[Pilot | NEUTRAL] Batch 16/16 (Samples 16-16)
  Saved steering vectors to generated_images/steering_vectors/pilot
[BIAS SUMMARY]
Pilot                    | +0.9306 | Masculine ++ ███████████████████████
  Max Bias: 0.9914 at up_0 step 10

[PROFESSION] Flight Attendant
  - Analyzing text embeddings...
  Text Bias (Flight Attendant) | -0.6771 | Feminine -- ████████████████
[Flight Attendant | MALE] Batch 1/16 (Samples 1-1)
[Flight Attendant | MALE] Batch 2/16 (Samples 2-2)
[Flight Attendant | MALE] Batch 3/16 (Samples 3-3)
[Flight Attendant | MALE] Batch 4/16 (Samples 4-4)
[Flight Attendant | MALE] Batch 5/16 (Samples 5-5)
[Flight Attendant | MALE] Batch 6/16 (Samples 6-6)
[Flight Attendant | MALE] Batch 7/16 (Samples 7-7)
[Flight Attendant | MALE] Batch 8/16 (Samples 8-8)
[Flight Attendant | MALE] Batch 9/16 (Samples 9-9)
[Flight Attendant | MALE] Batch 10/16 (Samples 10-10)
[Flight Attendant | MALE] Batch 11/16 (Samples 11-11)
[Flight Attendant | MALE] Batch 12/16 (Samples 12-12)
[Flight Attendant | MALE] Batch 13/16 (Samples 13-13)
[Flight Attendant | MALE] Batch 14/16 (Samples 14-14)
[Flight Attendant | MALE] Batch 15/16 (Samples 15-15)
[Flight Attendant | MALE] Batch 16/16 (Samples 16-16)
[Flight Attendant | FEMALE] Batch 1/16 (Samples 1-1)
[Flight Attendant | FEMALE] Batch 2/16 (Samples 2-2)
[Flight Attendant | FEMALE] Batch 3/16 (Samples 3-3)
[Flight Attendant | FEMALE] Batch 4/16 (Samples 4-4)
[Flight Attendant | FEMALE] Batch 5/16 (Samples 5-5)
[Flight Attendant | FEMALE] Batch 6/16 (Samples 6-6)
[Flight Attendant | FEMALE] Batch 7/16 (Samples 7-7)
[Flight Attendant | FEMALE] Batch 8/16 (Samples 8-8)
[Flight Attendant | FEMALE] Batch 9/16 (Samples 9-9)
[Flight Attendant | FEMALE] Batch 10/16 (Samples 10-10)
[Flight Attendant | FEMALE] Batch 11/16 (Samples 11-11)
[Flight Attendant | FEMALE] Batch 12/16 (Samples 12-12)
[Flight Attendant | FEMALE] Batch 13/16 (Samples 13-13)
[Flight Attendant | FEMALE] Batch 14/16 (Samples 14-14)
[Flight Attendant | FEMALE] Batch 15/16 (Samples 15-15)
[Flight Attendant | FEMALE] Batch 16/16 (Samples 16-16)
[Flight Attendant | NEUTRAL] Batch 1/16 (Samples 1-1)
[Flight Attendant | NEUTRAL] Batch 2/16 (Samples 2-2)
[Flight Attendant | NEUTRAL] Batch 3/16 (Samples 3-3)
[Flight Attendant | NEUTRAL] Batch 4/16 (Samples 4-4)
[Flight Attendant | NEUTRAL] Batch 5/16 (Samples 5-5)
[Flight Attendant | NEUTRAL] Batch 6/16 (Samples 6-6)
[Flight Attendant | NEUTRAL] Batch 7/16 (Samples 7-7)
[Flight Attendant | NEUTRAL] Batch 8/16 (Samples 8-8)
[Flight Attendant | NEUTRAL] Batch 9/16 (Samples 9-9)
[Flight Attendant | NEUTRAL] Batch 10/16 (Samples 10-10)
[Flight Attendant | NEUTRAL] Batch 11/16 (Samples 11-11)
[Flight Attendant | NEUTRAL] Batch 12/16 (Samples 12-12)
[Flight Attendant | NEUTRAL] Batch 13/16 (Samples 13-13)
[Flight Attendant | NEUTRAL] Batch 14/16 (Samples 14-14)
[Flight Attendant | NEUTRAL] Batch 15/16 (Samples 15-15)
[Flight Attendant | NEUTRAL] Batch 16/16 (Samples 16-16)
  Saved steering vectors to generated_images/steering_vectors/flight_attendant
[BIAS SUMMARY]
Flight Attendant         | -0.7682 | Feminine -- ███████████████████
  Max Bias: -0.9627 at up_1 step 5

[DONE] Bias analysis saved to generated_images/bias_analysis.csv
[DONE] Steering vectors saved to generated_images/steering_vectors
