[2026-03-30 15:00:37] [init] Loading pipeline on cuda
[2026-03-30 15:00:38] [start] Beginning Two-Stage Pipeline (Debias + Injection)
[2026-03-30 15:00:38] 
[stage 1] Calculating Orthogonal Projection for: admin asst
[2026-03-30 15:00:40] [stage 2] Discovering Activation Vectors (N=3 seeds)
[2026-03-30 15:03:11] [generate] Axis-debiased baseline for admin asst
[2026-03-30 15:03:27] [generate] admin asst | MASCULINE | strength=0.50
[2026-03-30 15:03:43] [generate] admin asst | FEMININE | strength=0.50
[2026-03-30 15:03:59] [generate] admin asst | MASCULINE | strength=20.25
[2026-03-30 15:04:15] [generate] admin asst | FEMININE | strength=20.25
[2026-03-30 15:04:31] [generate] admin asst | MASCULINE | strength=40.00
[2026-03-30 15:04:47] [generate] admin asst | FEMININE | strength=40.00
[2026-03-30 15:05:03] 
[stage 1] Calculating Orthogonal Projection for: electrician
[2026-03-30 15:05:04] [stage 2] Discovering Activation Vectors (N=3 seeds)
[2026-03-30 15:07:29] [generate] Axis-debiased baseline for electrician
[2026-03-30 15:07:45] [generate] electrician | MASCULINE | strength=0.50
[2026-03-30 15:08:01] [generate] electrician | FEMININE | strength=0.50
[2026-03-30 15:08:17] [generate] electrician | MASCULINE | strength=20.25
[2026-03-30 15:08:33] [generate] electrician | FEMININE | strength=20.25
[2026-03-30 15:08:49] [generate] electrician | MASCULINE | strength=40.00
[2026-03-30 15:09:05] [generate] electrician | FEMININE | strength=40.00
[2026-03-30 15:09:21] 
[stage 1] Calculating Orthogonal Projection for: author
[2026-03-30 15:09:22] [stage 2] Discovering Activation Vectors (N=3 seeds)
[2026-03-30 15:11:47] [generate] Axis-debiased baseline for author
[2026-03-30 15:12:03] [generate] author | MASCULINE | strength=0.50
[2026-03-30 15:12:19] [generate] author | FEMININE | strength=0.50
[2026-03-30 15:12:35] [generate] author | MASCULINE | strength=20.25
[2026-03-30 15:12:51] [generate] author | FEMININE | strength=20.25
[2026-03-30 15:13:07] [generate] author | MASCULINE | strength=40.00
[2026-03-30 15:13:23] [generate] author | FEMININE | strength=40.00
[2026-03-30 15:13:39] 
[stage 1] Calculating Orthogonal Projection for: optician
[2026-03-30 15:13:40] [stage 2] Discovering Activation Vectors (N=3 seeds)
[2026-03-30 15:16:06] [generate] Axis-debiased baseline for optician
[2026-03-30 15:16:22] [generate] optician | MASCULINE | strength=0.50
[2026-03-30 15:16:38] [generate] optician | FEMININE | strength=0.50
[2026-03-30 15:16:54] [generate] optician | MASCULINE | strength=20.25
[2026-03-30 15:17:10] [generate] optician | FEMININE | strength=20.25
[2026-03-30 15:17:25] [generate] optician | MASCULINE | strength=40.00
[2026-03-30 15:17:41] [generate] optician | FEMININE | strength=40.00
[2026-03-30 15:17:57] 
[stage 1] Calculating Orthogonal Projection for: announcer
[2026-03-30 15:17:59] [stage 2] Discovering Activation Vectors (N=3 seeds)
