[2026-03-27 21:42:55] [init] Enabled CPU offload
[2026-03-27 21:42:55] [vector] Mode: DISCOVER
[2026-03-27 21:51:34] [vector] Using Linear Probe weight. Train accuracy: 1.0000
[2026-03-27 21:51:34] [outcomes] Baseline for: A realistic profile picture of a Nurse, studio lighting, with the face clearly visible
[2026-03-27 21:51:51] [injector] Installed on down_2, style=broadcast, strength=0.5, cfg_target=cond
[2026-03-27 21:51:53] [injector] step=00 effective_delta_ratio=0.0070
[2026-03-27 21:51:55] [injector] step=05 effective_delta_ratio=0.0070
[2026-03-27 21:51:57] [injector] step=10 effective_delta_ratio=0.0070
[2026-03-27 21:52:00] [injector] step=15 effective_delta_ratio=0.0070
[2026-03-27 21:52:08] [injector] Uninstalled after 30 hook calls, injected on 20 steps
[2026-03-27 21:52:09] [injector] Installed on down_2, style=broadcast, strength=-0.5, cfg_target=cond
[2026-03-27 21:52:11] [injector] step=00 effective_delta_ratio=0.0070
[2026-03-27 21:52:13] [injector] step=05 effective_delta_ratio=0.0070
[2026-03-27 21:52:15] [injector] step=10 effective_delta_ratio=0.0070
[2026-03-27 21:52:18] [injector] step=15 effective_delta_ratio=0.0070
[2026-03-27 21:52:26] [injector] Uninstalled after 30 hook calls, injected on 20 steps
[2026-03-27 21:52:27] [injector] Installed on down_2, style=broadcast, strength=1.0, cfg_target=cond
[2026-03-27 21:52:29] [injector] step=00 effective_delta_ratio=0.0140
[2026-03-27 21:52:31] [injector] step=05 effective_delta_ratio=0.0140
[2026-03-27 21:52:33] [injector] step=10 effective_delta_ratio=0.0140
[2026-03-27 21:52:35] [injector] step=15 effective_delta_ratio=0.0140
[2026-03-27 21:52:44] [injector] Uninstalled after 30 hook calls, injected on 20 steps
[2026-03-27 21:52:44] [injector] Installed on down_2, style=broadcast, strength=-1.0, cfg_target=cond
[2026-03-27 21:52:46] [injector] step=00 effective_delta_ratio=0.0140
[2026-03-27 21:52:48] [injector] step=05 effective_delta_ratio=0.0140
[2026-03-27 21:52:50] [injector] step=10 effective_delta_ratio=0.0140
[2026-03-27 21:52:53] [injector] step=15 effective_delta_ratio=0.0140
[2026-03-27 21:53:01] [injector] Uninstalled after 30 hook calls, injected on 20 steps
[2026-03-27 21:53:02] [injector] Installed on down_2, style=broadcast, strength=2.0, cfg_target=cond
[2026-03-27 21:53:04] [injector] step=00 effective_delta_ratio=0.0280
[2026-03-27 21:53:06] [injector] step=05 effective_delta_ratio=0.0279
[2026-03-27 21:53:08] [injector] step=10 effective_delta_ratio=0.0280
[2026-03-27 21:53:10] [injector] step=15 effective_delta_ratio=0.0279
[2026-03-27 21:53:19] [injector] Uninstalled after 30 hook calls, injected on 20 steps
[2026-03-27 21:53:19] [injector] Installed on down_2, style=broadcast, strength=-2.0, cfg_target=cond
[2026-03-27 21:53:21] [injector] step=00 effective_delta_ratio=0.0280
[2026-03-27 21:53:24] [injector] step=05 effective_delta_ratio=0.0280
[2026-03-27 21:53:26] [injector] step=10 effective_delta_ratio=0.0280
[2026-03-27 21:53:28] [injector] step=15 effective_delta_ratio=0.0280
[2026-03-27 21:53:37] [injector] Uninstalled after 30 hook calls, injected on 20 steps
[2026-03-27 21:53:37] [injector] Installed on down_2, style=broadcast, strength=4.0, cfg_target=cond
[2026-03-27 21:53:39] [injector] step=00 effective_delta_ratio=0.0559
[2026-03-27 21:53:41] [injector] step=05 effective_delta_ratio=0.0559
[2026-03-27 21:53:43] [injector] step=10 effective_delta_ratio=0.0559
[2026-03-27 21:53:45] [injector] step=15 effective_delta_ratio=0.0559
[2026-03-27 21:53:54] [injector] Uninstalled after 30 hook calls, injected on 20 steps
[2026-03-27 21:53:54] [injector] Installed on down_2, style=broadcast, strength=-4.0, cfg_target=cond
[2026-03-27 21:53:57] [injector] step=00 effective_delta_ratio=0.0559
[2026-03-27 21:53:59] [injector] step=05 effective_delta_ratio=0.0559
[2026-03-27 21:54:01] [injector] step=10 effective_delta_ratio=0.0559
[2026-03-27 21:54:03] [injector] step=15 effective_delta_ratio=0.0559
[2026-03-27 21:54:12] [injector] Uninstalled after 30 hook calls, injected on 20 steps
[2026-03-27 21:54:12] [injector] Installed on down_2, style=broadcast, strength=8.0, cfg_target=cond
[2026-03-27 21:54:14] [injector] step=00 effective_delta_ratio=0.1118
[2026-03-27 21:54:16] [injector] step=05 effective_delta_ratio=0.1118
[2026-03-27 21:54:19] [injector] step=10 effective_delta_ratio=0.1118
[2026-03-27 21:54:21] [injector] step=15 effective_delta_ratio=0.1118
[2026-03-27 21:54:29] [injector] Uninstalled after 30 hook calls, injected on 20 steps
[2026-03-27 21:54:30] [injector] Installed on down_2, style=broadcast, strength=-8.0, cfg_target=cond
[2026-03-27 21:54:32] [injector] step=00 effective_delta_ratio=0.1118
[2026-03-27 21:54:34] [injector] step=05 effective_delta_ratio=0.1118
[2026-03-27 21:54:37] [injector] step=10 effective_delta_ratio=0.1118
[2026-03-27 21:54:39] [injector] step=15 effective_delta_ratio=0.1118
[2026-03-27 21:54:47] [injector] Uninstalled after 30 hook calls, injected on 20 steps
[2026-03-27 21:54:48] [injector] Installed on down_2, style=broadcast, strength=12.0, cfg_target=cond
[2026-03-27 21:54:50] [injector] step=00 effective_delta_ratio=0.1676
[2026-03-27 21:54:52] [injector] step=05 effective_delta_ratio=0.1677
[2026-03-27 21:54:54] [injector] step=10 effective_delta_ratio=0.1676
[2026-03-27 21:54:56] [injector] step=15 effective_delta_ratio=0.1678
[2026-03-27 21:55:05] [injector] Uninstalled after 30 hook calls, injected on 20 steps
[2026-03-27 21:55:05] [injector] Installed on down_2, style=broadcast, strength=-12.0, cfg_target=cond
[2026-03-27 21:55:07] [injector] step=00 effective_delta_ratio=0.1676
[2026-03-27 21:55:09] [injector] step=05 effective_delta_ratio=0.1677
[2026-03-27 21:55:12] [injector] step=10 effective_delta_ratio=0.1677
[2026-03-27 21:55:14] [injector] step=15 effective_delta_ratio=0.1676
[2026-03-27 21:55:22] [injector] Uninstalled after 30 hook calls, injected on 20 steps
[2026-03-27 21:55:23] [outcomes] Baseline for: A realistic profile picture of a Fire Fighter, studio lighting, with the face clearly visible
[2026-03-27 21:55:41] [injector] Installed on down_2, style=broadcast, strength=0.5, cfg_target=cond
[2026-03-27 21:55:43] [injector] step=00 effective_delta_ratio=0.0070
[2026-03-27 21:55:45] [injector] step=05 effective_delta_ratio=0.0070
[2026-03-27 21:55:47] [injector] step=10 effective_delta_ratio=0.0070
[2026-03-27 21:55:49] [injector] step=15 effective_delta_ratio=0.0070
[2026-03-27 21:55:58] [injector] Uninstalled after 30 hook calls, injected on 20 steps
[2026-03-27 21:55:58] [injector] Installed on down_2, style=broadcast, strength=-0.5, cfg_target=cond
[2026-03-27 21:56:00] [injector] step=00 effective_delta_ratio=0.0070
[2026-03-27 21:56:02] [injector] step=05 effective_delta_ratio=0.0070
[2026-03-27 21:56:04] [injector] step=10 effective_delta_ratio=0.0070
[2026-03-27 21:56:07] [injector] step=15 effective_delta_ratio=0.0070
[2026-03-27 21:56:15] [injector] Uninstalled after 30 hook calls, injected on 20 steps
[2026-03-27 21:56:16] [injector] Installed on down_2, style=broadcast, strength=1.0, cfg_target=cond
[2026-03-27 21:56:17] [injector] step=00 effective_delta_ratio=0.0140
[2026-03-27 21:56:20] [injector] step=05 effective_delta_ratio=0.0140
[2026-03-27 21:56:22] [injector] step=10 effective_delta_ratio=0.0140
[2026-03-27 21:56:24] [injector] step=15 effective_delta_ratio=0.0140
[2026-03-27 21:56:33] [injector] Uninstalled after 30 hook calls, injected on 20 steps
[2026-03-27 21:56:33] [injector] Installed on down_2, style=broadcast, strength=-1.0, cfg_target=cond
[2026-03-27 21:56:35] [injector] step=00 effective_delta_ratio=0.0140
[2026-03-27 21:56:37] [injector] step=05 effective_delta_ratio=0.0140
[2026-03-27 21:56:39] [injector] step=10 effective_delta_ratio=0.0140
[2026-03-27 21:56:42] [injector] step=15 effective_delta_ratio=0.0140
[2026-03-27 21:56:50] [injector] Uninstalled after 30 hook calls, injected on 20 steps
[2026-03-27 21:56:51] [injector] Installed on down_2, style=broadcast, strength=2.0, cfg_target=cond
[2026-03-27 21:56:52] [injector] step=00 effective_delta_ratio=0.0280
[2026-03-27 21:56:55] [injector] step=05 effective_delta_ratio=0.0280
[2026-03-27 21:56:57] [injector] step=10 effective_delta_ratio=0.0280
[2026-03-27 21:56:59] [injector] step=15 effective_delta_ratio=0.0280
[2026-03-27 21:57:07] [injector] Uninstalled after 30 hook calls, injected on 20 steps
[2026-03-27 21:57:08] [injector] Installed on down_2, style=broadcast, strength=-2.0, cfg_target=cond
[2026-03-27 21:57:10] [injector] step=00 effective_delta_ratio=0.0280
[2026-03-27 21:57:12] [injector] step=05 effective_delta_ratio=0.0280
[2026-03-27 21:57:14] [injector] step=10 effective_delta_ratio=0.0280
[2026-03-27 21:57:16] [injector] step=15 effective_delta_ratio=0.0279
[2026-03-27 21:57:25] [injector] Uninstalled after 30 hook calls, injected on 20 steps
[2026-03-27 21:57:25] [injector] Installed on down_2, style=broadcast, strength=4.0, cfg_target=cond
[2026-03-27 21:57:27] [injector] step=00 effective_delta_ratio=0.0559
[2026-03-27 21:57:29] [injector] step=05 effective_delta_ratio=0.0559
[2026-03-27 21:57:31] [injector] step=10 effective_delta_ratio=0.0559
[2026-03-27 21:57:34] [injector] step=15 effective_delta_ratio=0.0559
[2026-03-27 21:57:42] [injector] Uninstalled after 30 hook calls, injected on 20 steps
[2026-03-27 21:57:43] [injector] Installed on down_2, style=broadcast, strength=-4.0, cfg_target=cond
[2026-03-27 21:57:45] [injector] step=00 effective_delta_ratio=0.0559
[2026-03-27 21:57:47] [injector] step=05 effective_delta_ratio=0.0559
[2026-03-27 21:57:49] [injector] step=10 effective_delta_ratio=0.0559
[2026-03-27 21:57:51] [injector] step=15 effective_delta_ratio=0.0559
[2026-03-27 21:58:00] [injector] Uninstalled after 30 hook calls, injected on 20 steps
[2026-03-27 21:58:00] [injector] Installed on down_2, style=broadcast, strength=8.0, cfg_target=cond
[2026-03-27 21:58:02] [injector] step=00 effective_delta_ratio=0.1118
[2026-03-27 21:58:04] [injector] step=05 effective_delta_ratio=0.1118
[2026-03-27 21:58:06] [injector] step=10 effective_delta_ratio=0.1118
[2026-03-27 21:58:09] [injector] step=15 effective_delta_ratio=0.1118
[2026-03-27 21:58:17] [injector] Uninstalled after 30 hook calls, injected on 20 steps
[2026-03-27 21:58:17] [injector] Installed on down_2, style=broadcast, strength=-8.0, cfg_target=cond
[2026-03-27 21:58:19] [injector] step=00 effective_delta_ratio=0.1118
[2026-03-27 21:58:21] [injector] step=05 effective_delta_ratio=0.1118
[2026-03-27 21:58:24] [injector] step=10 effective_delta_ratio=0.1118
[2026-03-27 21:58:26] [injector] step=15 effective_delta_ratio=0.1118
[2026-03-27 21:58:34] [injector] Uninstalled after 30 hook calls, injected on 20 steps
[2026-03-27 21:58:35] [injector] Installed on down_2, style=broadcast, strength=12.0, cfg_target=cond
[2026-03-27 21:58:37] [injector] step=00 effective_delta_ratio=0.1678
[2026-03-27 21:58:39] [injector] step=05 effective_delta_ratio=0.1678
[2026-03-27 21:58:41] [injector] step=10 effective_delta_ratio=0.1678
[2026-03-27 21:58:43] [injector] step=15 effective_delta_ratio=0.1677
[2026-03-27 21:58:52] [injector] Uninstalled after 30 hook calls, injected on 20 steps
[2026-03-27 21:58:53] [injector] Installed on down_2, style=broadcast, strength=-12.0, cfg_target=cond
[2026-03-27 21:58:55] [injector] step=00 effective_delta_ratio=0.1678
[2026-03-27 21:58:57] [injector] step=05 effective_delta_ratio=0.1678
[2026-03-27 21:58:59] [injector] step=10 effective_delta_ratio=0.1676
[2026-03-27 21:59:01] [injector] step=15 effective_delta_ratio=0.1677
[2026-03-27 21:59:10] [injector] Uninstalled after 30 hook calls, injected on 20 steps
[2026-03-27 21:59:10] [outcomes] Baseline for: A realistic profile picture of a Programmer, studio lighting, with the face clearly visible
[2026-03-27 21:59:28] [injector] Installed on down_2, style=broadcast, strength=0.5, cfg_target=cond
[2026-03-27 21:59:29] [injector] step=00 effective_delta_ratio=0.0070
[2026-03-27 21:59:32] [injector] step=05 effective_delta_ratio=0.0070
[2026-03-27 21:59:34] [injector] step=10 effective_delta_ratio=0.0070
[2026-03-27 21:59:36] [injector] step=15 effective_delta_ratio=0.0070
[2026-03-27 21:59:45] [injector] Uninstalled after 30 hook calls, injected on 20 steps
[2026-03-27 21:59:45] [injector] Installed on down_2, style=broadcast, strength=-0.5, cfg_target=cond
[2026-03-27 21:59:47] [injector] step=00 effective_delta_ratio=0.0070
[2026-03-27 21:59:49] [injector] step=05 effective_delta_ratio=0.0070
[2026-03-27 21:59:51] [injector] step=10 effective_delta_ratio=0.0070
[2026-03-27 21:59:54] [injector] step=15 effective_delta_ratio=0.0070
[2026-03-27 22:00:02] [injector] Uninstalled after 30 hook calls, injected on 20 steps
[2026-03-27 22:00:03] [injector] Installed on down_2, style=broadcast, strength=1.0, cfg_target=cond
[2026-03-27 22:00:05] [injector] step=00 effective_delta_ratio=0.0140
[2026-03-27 22:00:07] [injector] step=05 effective_delta_ratio=0.0140
[2026-03-27 22:00:09] [injector] step=10 effective_delta_ratio=0.0140
[2026-03-27 22:00:11] [injector] step=15 effective_delta_ratio=0.0140
[2026-03-27 22:00:20] [injector] Uninstalled after 30 hook calls, injected on 20 steps
[2026-03-27 22:00:20] [injector] Installed on down_2, style=broadcast, strength=-1.0, cfg_target=cond
[2026-03-27 22:00:22] [injector] step=00 effective_delta_ratio=0.0140
[2026-03-27 22:00:24] [injector] step=05 effective_delta_ratio=0.0140
[2026-03-27 22:00:26] [injector] step=10 effective_delta_ratio=0.0140
[2026-03-27 22:00:28] [injector] step=15 effective_delta_ratio=0.0140
[2026-03-27 22:00:37] [injector] Uninstalled after 30 hook calls, injected on 20 steps
[2026-03-27 22:00:38] [injector] Installed on down_2, style=broadcast, strength=2.0, cfg_target=cond
[2026-03-27 22:00:39] [injector] step=00 effective_delta_ratio=0.0280
[2026-03-27 22:00:42] [injector] step=05 effective_delta_ratio=0.0280
[2026-03-27 22:00:44] [injector] step=10 effective_delta_ratio=0.0280
[2026-03-27 22:00:46] [injector] step=15 effective_delta_ratio=0.0279
[2026-03-27 22:00:55] [injector] Uninstalled after 30 hook calls, injected on 20 steps
[2026-03-27 22:00:55] [injector] Installed on down_2, style=broadcast, strength=-2.0, cfg_target=cond
[2026-03-27 22:00:57] [injector] step=00 effective_delta_ratio=0.0280
[2026-03-27 22:00:59] [injector] step=05 effective_delta_ratio=0.0280
[2026-03-27 22:01:02] [injector] step=10 effective_delta_ratio=0.0280
[2026-03-27 22:01:04] [injector] step=15 effective_delta_ratio=0.0279
[2026-03-27 22:01:12] [injector] Uninstalled after 30 hook calls, injected on 20 steps
[2026-03-27 22:01:13] [injector] Installed on down_2, style=broadcast, strength=4.0, cfg_target=cond
[2026-03-27 22:01:14] [injector] step=00 effective_delta_ratio=0.0559
[2026-03-27 22:01:17] [injector] step=05 effective_delta_ratio=0.0559
[2026-03-27 22:01:19] [injector] step=10 effective_delta_ratio=0.0559
[2026-03-27 22:01:21] [injector] step=15 effective_delta_ratio=0.0559
[2026-03-27 22:01:29] [injector] Uninstalled after 30 hook calls, injected on 20 steps
[2026-03-27 22:01:30] [injector] Installed on down_2, style=broadcast, strength=-4.0, cfg_target=cond
[2026-03-27 22:01:32] [injector] step=00 effective_delta_ratio=0.0559
[2026-03-27 22:01:34] [injector] step=05 effective_delta_ratio=0.0559
[2026-03-27 22:01:36] [injector] step=10 effective_delta_ratio=0.0559
[2026-03-27 22:01:38] [injector] step=15 effective_delta_ratio=0.0559
[2026-03-27 22:01:47] [injector] Uninstalled after 30 hook calls, injected on 20 steps
[2026-03-27 22:01:47] [injector] Installed on down_2, style=broadcast, strength=8.0, cfg_target=cond
[2026-03-27 22:01:49] [injector] step=00 effective_delta_ratio=0.1118
[2026-03-27 22:01:51] [injector] step=05 effective_delta_ratio=0.1118
[2026-03-27 22:01:54] [injector] step=10 effective_delta_ratio=0.1118
[2026-03-27 22:01:56] [injector] step=15 effective_delta_ratio=0.1118
[2026-03-27 22:02:04] [injector] Uninstalled after 30 hook calls, injected on 20 steps
[2026-03-27 22:02:05] [injector] Installed on down_2, style=broadcast, strength=-8.0, cfg_target=cond
[2026-03-27 22:02:07] [injector] step=00 effective_delta_ratio=0.1118
[2026-03-27 22:02:09] [injector] step=05 effective_delta_ratio=0.1118
[2026-03-27 22:02:11] [injector] step=10 effective_delta_ratio=0.1118
[2026-03-27 22:02:13] [injector] step=15 effective_delta_ratio=0.1118
[2026-03-27 22:02:22] [injector] Uninstalled after 30 hook calls, injected on 20 steps
[2026-03-27 22:02:22] [injector] Installed on down_2, style=broadcast, strength=12.0, cfg_target=cond
[2026-03-27 22:02:24] [injector] step=00 effective_delta_ratio=0.1677
[2026-03-27 22:02:26] [injector] step=05 effective_delta_ratio=0.1677
[2026-03-27 22:02:28] [injector] step=10 effective_delta_ratio=0.1676
[2026-03-27 22:02:30] [injector] step=15 effective_delta_ratio=0.1678
[2026-03-27 22:02:39] [injector] Uninstalled after 30 hook calls, injected on 20 steps
[2026-03-27 22:02:40] [injector] Installed on down_2, style=broadcast, strength=-12.0, cfg_target=cond
[2026-03-27 22:02:41] [injector] step=00 effective_delta_ratio=0.1677
[2026-03-27 22:02:44] [injector] step=05 effective_delta_ratio=0.1676
[2026-03-27 22:02:46] [injector] step=10 effective_delta_ratio=0.1676
[2026-03-27 22:02:48] [injector] step=15 effective_delta_ratio=0.1676
[2026-03-27 22:02:57] [injector] Uninstalled after 30 hook calls, injected on 20 steps
[2026-03-27 22:02:57] [outcomes] Baseline for: A realistic profile picture of a Kindergarten Teacher, studio lighting, with the face clearly visible
[2026-03-27 22:03:15] [injector] Installed on down_2, style=broadcast, strength=0.5, cfg_target=cond
[2026-03-27 22:03:17] [injector] step=00 effective_delta_ratio=0.0070
[2026-03-27 22:03:19] [injector] step=05 effective_delta_ratio=0.0070
[2026-03-27 22:03:22] [injector] step=10 effective_delta_ratio=0.0070
[2026-03-27 22:03:24] [injector] step=15 effective_delta_ratio=0.0070
[2026-03-27 22:03:32] [injector] Uninstalled after 30 hook calls, injected on 20 steps
[2026-03-27 22:03:33] [injector] Installed on down_2, style=broadcast, strength=-0.5, cfg_target=cond
[2026-03-27 22:03:35] [injector] step=00 effective_delta_ratio=0.0070
[2026-03-27 22:03:37] [injector] step=05 effective_delta_ratio=0.0070
[2026-03-27 22:03:39] [injector] step=10 effective_delta_ratio=0.0070
[2026-03-27 22:03:41] [injector] step=15 effective_delta_ratio=0.0070
[2026-03-27 22:03:50] [injector] Uninstalled after 30 hook calls, injected on 20 steps
[2026-03-27 22:03:50] [injector] Installed on down_2, style=broadcast, strength=1.0, cfg_target=cond
[2026-03-27 22:03:52] [injector] step=00 effective_delta_ratio=0.0140
[2026-03-27 22:03:54] [injector] step=05 effective_delta_ratio=0.0140
[2026-03-27 22:03:56] [injector] step=10 effective_delta_ratio=0.0140
[2026-03-27 22:03:59] [injector] step=15 effective_delta_ratio=0.0140
[2026-03-27 22:04:07] [injector] Uninstalled after 30 hook calls, injected on 20 steps
[2026-03-27 22:04:08] [injector] Installed on down_2, style=broadcast, strength=-1.0, cfg_target=cond
[2026-03-27 22:04:10] [injector] step=00 effective_delta_ratio=0.0140
[2026-03-27 22:04:12] [injector] step=05 effective_delta_ratio=0.0140
[2026-03-27 22:04:14] [injector] step=10 effective_delta_ratio=0.0140
[2026-03-27 22:04:16] [injector] step=15 effective_delta_ratio=0.0140
[2026-03-27 22:04:25] [injector] Uninstalled after 30 hook calls, injected on 20 steps
[2026-03-27 22:04:25] [injector] Installed on down_2, style=broadcast, strength=2.0, cfg_target=cond
[2026-03-27 22:04:27] [injector] step=00 effective_delta_ratio=0.0279
[2026-03-27 22:04:29] [injector] step=05 effective_delta_ratio=0.0279
[2026-03-27 22:04:31] [injector] step=10 effective_delta_ratio=0.0280
[2026-03-27 22:04:34] [injector] step=15 effective_delta_ratio=0.0280
[2026-03-27 22:04:42] [injector] Uninstalled after 30 hook calls, injected on 20 steps
[2026-03-27 22:04:43] [injector] Installed on down_2, style=broadcast, strength=-2.0, cfg_target=cond
[2026-03-27 22:04:44] [injector] step=00 effective_delta_ratio=0.0279
[2026-03-27 22:04:47] [injector] step=05 effective_delta_ratio=0.0279
[2026-03-27 22:04:49] [injector] step=10 effective_delta_ratio=0.0279
[2026-03-27 22:04:51] [injector] step=15 effective_delta_ratio=0.0280
[2026-03-27 22:04:59] [injector] Uninstalled after 30 hook calls, injected on 20 steps
[2026-03-27 22:05:00] [injector] Installed on down_2, style=broadcast, strength=4.0, cfg_target=cond
[2026-03-27 22:05:02] [injector] step=00 effective_delta_ratio=0.0559
[2026-03-27 22:05:04] [injector] step=05 effective_delta_ratio=0.0559
[2026-03-27 22:05:06] [injector] step=10 effective_delta_ratio=0.0559
[2026-03-27 22:05:08] [injector] step=15 effective_delta_ratio=0.0559
[2026-03-27 22:05:17] [injector] Uninstalled after 30 hook calls, injected on 20 steps
[2026-03-27 22:05:18] [injector] Installed on down_2, style=broadcast, strength=-4.0, cfg_target=cond
[2026-03-27 22:05:19] [injector] step=00 effective_delta_ratio=0.0559
[2026-03-27 22:05:22] [injector] step=05 effective_delta_ratio=0.0559
[2026-03-27 22:05:24] [injector] step=10 effective_delta_ratio=0.0559
[2026-03-27 22:05:26] [injector] step=15 effective_delta_ratio=0.0559
[2026-03-27 22:05:34] [injector] Uninstalled after 30 hook calls, injected on 20 steps
[2026-03-27 22:05:35] [injector] Installed on down_2, style=broadcast, strength=8.0, cfg_target=cond
[2026-03-27 22:05:37] [injector] step=00 effective_delta_ratio=0.1118
[2026-03-27 22:05:39] [injector] step=05 effective_delta_ratio=0.1118
[2026-03-27 22:05:41] [injector] step=10 effective_delta_ratio=0.1118
[2026-03-27 22:05:43] [injector] step=15 effective_delta_ratio=0.1118
[2026-03-27 22:05:52] [injector] Uninstalled after 30 hook calls, injected on 20 steps
[2026-03-27 22:05:52] [injector] Installed on down_2, style=broadcast, strength=-8.0, cfg_target=cond
[2026-03-27 22:05:54] [injector] step=00 effective_delta_ratio=0.1118
[2026-03-27 22:05:56] [injector] step=05 effective_delta_ratio=0.1118
[2026-03-27 22:05:58] [injector] step=10 effective_delta_ratio=0.1118
[2026-03-27 22:06:00] [injector] step=15 effective_delta_ratio=0.1118
[2026-03-27 22:06:09] [injector] Uninstalled after 30 hook calls, injected on 20 steps
[2026-03-27 22:06:10] [injector] Installed on down_2, style=broadcast, strength=12.0, cfg_target=cond
[2026-03-27 22:06:12] [injector] step=00 effective_delta_ratio=0.1676
[2026-03-27 22:06:14] [injector] step=05 effective_delta_ratio=0.1676
[2026-03-27 22:06:16] [injector] step=10 effective_delta_ratio=0.1677
[2026-03-27 22:06:18] [injector] step=15 effective_delta_ratio=0.1676
[2026-03-27 22:06:27] [injector] Uninstalled after 30 hook calls, injected on 20 steps
[2026-03-27 22:06:27] [injector] Installed on down_2, style=broadcast, strength=-12.0, cfg_target=cond
[2026-03-27 22:06:29] [injector] step=00 effective_delta_ratio=0.1676
[2026-03-27 22:06:31] [injector] step=05 effective_delta_ratio=0.1677
[2026-03-27 22:06:33] [injector] step=10 effective_delta_ratio=0.1676
[2026-03-27 22:06:36] [injector] step=15 effective_delta_ratio=0.1678
[2026-03-27 22:06:44] [injector] Uninstalled after 30 hook calls, injected on 20 steps
[2026-03-27 22:06:44] [outcomes] Baseline for: A realistic profile picture of a Doctor, studio lighting, with the face clearly visible
[2026-03-27 22:07:02] [injector] Installed on down_2, style=broadcast, strength=0.5, cfg_target=cond
[2026-03-27 22:07:04] [injector] step=00 effective_delta_ratio=0.0070
[2026-03-27 22:07:06] [injector] step=05 effective_delta_ratio=0.0070
[2026-03-27 22:07:08] [injector] step=10 effective_delta_ratio=0.0070
[2026-03-27 22:07:10] [injector] step=15 effective_delta_ratio=0.0070
[2026-03-27 22:07:19] [injector] Uninstalled after 30 hook calls, injected on 20 steps
[2026-03-27 22:07:20] [injector] Installed on down_2, style=broadcast, strength=-0.5, cfg_target=cond
[2026-03-27 22:07:22] [injector] step=00 effective_delta_ratio=0.0070
[2026-03-27 22:07:24] [injector] step=05 effective_delta_ratio=0.0070
[2026-03-27 22:07:26] [injector] step=10 effective_delta_ratio=0.0070
[2026-03-27 22:07:29] [injector] step=15 effective_delta_ratio=0.0070
[2026-03-27 22:07:37] [injector] Uninstalled after 30 hook calls, injected on 20 steps
[2026-03-27 22:07:37] [injector] Installed on down_2, style=broadcast, strength=1.0, cfg_target=cond
[2026-03-27 22:07:39] [injector] step=00 effective_delta_ratio=0.0140
[2026-03-27 22:07:42] [injector] step=05 effective_delta_ratio=0.0140
[2026-03-27 22:07:44] [injector] step=10 effective_delta_ratio=0.0140
[2026-03-27 22:07:46] [injector] step=15 effective_delta_ratio=0.0140
[2026-03-27 22:07:54] [injector] Uninstalled after 30 hook calls, injected on 20 steps
[2026-03-27 22:07:55] [injector] Installed on down_2, style=broadcast, strength=-1.0, cfg_target=cond
[2026-03-27 22:07:57] [injector] step=00 effective_delta_ratio=0.0140
[2026-03-27 22:07:59] [injector] step=05 effective_delta_ratio=0.0140
[2026-03-27 22:08:01] [injector] step=10 effective_delta_ratio=0.0140
[2026-03-27 22:08:03] [injector] step=15 effective_delta_ratio=0.0140
[2026-03-27 22:08:12] [injector] Uninstalled after 30 hook calls, injected on 20 steps
[2026-03-27 22:08:12] [injector] Installed on down_2, style=broadcast, strength=2.0, cfg_target=cond
[2026-03-27 22:08:14] [injector] step=00 effective_delta_ratio=0.0280
[2026-03-27 22:08:16] [injector] step=05 effective_delta_ratio=0.0280
[2026-03-27 22:08:18] [injector] step=10 effective_delta_ratio=0.0279
[2026-03-27 22:08:21] [injector] step=15 effective_delta_ratio=0.0279
[2026-03-27 22:08:29] [injector] Uninstalled after 30 hook calls, injected on 20 steps
[2026-03-27 22:08:30] [injector] Installed on down_2, style=broadcast, strength=-2.0, cfg_target=cond
[2026-03-27 22:08:32] [injector] step=00 effective_delta_ratio=0.0280
[2026-03-27 22:08:34] [injector] step=05 effective_delta_ratio=0.0279
[2026-03-27 22:08:36] [injector] step=10 effective_delta_ratio=0.0280
[2026-03-27 22:08:38] [injector] step=15 effective_delta_ratio=0.0280
[2026-03-27 22:08:47] [injector] Uninstalled after 30 hook calls, injected on 20 steps
[2026-03-27 22:08:47] [injector] Installed on down_2, style=broadcast, strength=4.0, cfg_target=cond
[2026-03-27 22:08:49] [injector] step=00 effective_delta_ratio=0.0559
[2026-03-27 22:08:51] [injector] step=05 effective_delta_ratio=0.0559
[2026-03-27 22:08:53] [injector] step=10 effective_delta_ratio=0.0559
[2026-03-27 22:08:55] [injector] step=15 effective_delta_ratio=0.0559
[2026-03-27 22:09:04] [injector] Uninstalled after 30 hook calls, injected on 20 steps
[2026-03-27 22:09:04] [injector] Installed on down_2, style=broadcast, strength=-4.0, cfg_target=cond
[2026-03-27 22:09:06] [injector] step=00 effective_delta_ratio=0.0559
[2026-03-27 22:09:08] [injector] step=05 effective_delta_ratio=0.0559
[2026-03-27 22:09:11] [injector] step=10 effective_delta_ratio=0.0559
[2026-03-27 22:09:13] [injector] step=15 effective_delta_ratio=0.0559
[2026-03-27 22:09:21] [injector] Uninstalled after 30 hook calls, injected on 20 steps
[2026-03-27 22:09:22] [injector] Installed on down_2, style=broadcast, strength=8.0, cfg_target=cond
[2026-03-27 22:09:24] [injector] step=00 effective_delta_ratio=0.1118
[2026-03-27 22:09:26] [injector] step=05 effective_delta_ratio=0.1118
[2026-03-27 22:09:28] [injector] step=10 effective_delta_ratio=0.1118
[2026-03-27 22:09:30] [injector] step=15 effective_delta_ratio=0.1118
[2026-03-27 22:09:39] [injector] Uninstalled after 30 hook calls, injected on 20 steps
[2026-03-27 22:09:39] [injector] Installed on down_2, style=broadcast, strength=-8.0, cfg_target=cond
[2026-03-27 22:09:41] [injector] step=00 effective_delta_ratio=0.1118
[2026-03-27 22:09:43] [injector] step=05 effective_delta_ratio=0.1118
[2026-03-27 22:09:46] [injector] step=10 effective_delta_ratio=0.1118
[2026-03-27 22:09:48] [injector] step=15 effective_delta_ratio=0.1118
[2026-03-27 22:09:56] [injector] Uninstalled after 30 hook calls, injected on 20 steps
[2026-03-27 22:09:57] [injector] Installed on down_2, style=broadcast, strength=12.0, cfg_target=cond
[2026-03-27 22:09:59] [injector] step=00 effective_delta_ratio=0.1676
[2026-03-27 22:10:01] [injector] step=05 effective_delta_ratio=0.1678
[2026-03-27 22:10:03] [injector] step=10 effective_delta_ratio=0.1677
[2026-03-27 22:10:05] [injector] step=15 effective_delta_ratio=0.1677
[2026-03-27 22:10:14] [injector] Uninstalled after 30 hook calls, injected on 20 steps
[2026-03-27 22:10:14] [injector] Installed on down_2, style=broadcast, strength=-12.0, cfg_target=cond
[2026-03-27 22:10:16] [injector] step=00 effective_delta_ratio=0.1676
[2026-03-27 22:10:18] [injector] step=05 effective_delta_ratio=0.1677
[2026-03-27 22:10:20] [injector] step=10 effective_delta_ratio=0.1677
[2026-03-27 22:10:22] [injector] step=15 effective_delta_ratio=0.1676
[2026-03-27 22:10:31] [injector] Uninstalled after 30 hook calls, injected on 20 steps
