[2026-03-28 02:25:53] [init] Loading SDXL on cuda
[2026-03-28 02:25:56] [start] Beginning Prompt-Specific JIT Discovery and Generation
[2026-03-28 02:25:56] 
[discovery] Capturing traces for: Nurse
[2026-03-28 02:38:46] [generation] Generating baseline: Nurse
[2026-03-28 02:43:00]   -> Injecting MASCULINE (strength=0.5)
[2026-03-28 02:43:06] [injector] step=00 effective_delta_ratio=0.0140
[2026-03-28 02:43:14] [injector] step=01 effective_delta_ratio=0.0140
[2026-03-28 02:43:22] [injector] step=02 effective_delta_ratio=0.0140
[2026-03-28 02:43:30] [injector] step=03 effective_delta_ratio=0.0140
[2026-03-28 02:43:39] [injector] step=04 effective_delta_ratio=0.0140
[2026-03-28 02:43:47] [injector] step=05 effective_delta_ratio=0.0140
[2026-03-28 02:43:55] [injector] step=06 effective_delta_ratio=0.0140
[2026-03-28 02:44:03] [injector] step=07 effective_delta_ratio=0.0140
[2026-03-28 02:44:11] [injector] step=08 effective_delta_ratio=0.0140
[2026-03-28 02:44:20] [injector] step=09 effective_delta_ratio=0.0140
[2026-03-28 02:44:28] [injector] step=10 effective_delta_ratio=0.0140
[2026-03-28 02:44:36] [injector] step=11 effective_delta_ratio=0.0140
[2026-03-28 02:44:44] [injector] step=12 effective_delta_ratio=0.0140
[2026-03-28 02:44:53] [injector] step=13 effective_delta_ratio=0.0140
[2026-03-28 02:45:01] [injector] step=14 effective_delta_ratio=0.0140
[2026-03-28 02:47:14]   -> Injecting FEMININE (strength=0.5)
[2026-03-28 02:47:21] [injector] step=00 effective_delta_ratio=0.0140
[2026-03-28 02:47:29] [injector] step=01 effective_delta_ratio=0.0140
[2026-03-28 02:47:37] [injector] step=02 effective_delta_ratio=0.0140
[2026-03-28 02:47:45] [injector] step=03 effective_delta_ratio=0.0140
[2026-03-28 02:47:53] [injector] step=04 effective_delta_ratio=0.0140
[2026-03-28 02:48:02] [injector] step=05 effective_delta_ratio=0.0140
[2026-03-28 02:48:10] [injector] step=06 effective_delta_ratio=0.0140
[2026-03-28 02:48:18] [injector] step=07 effective_delta_ratio=0.0140
[2026-03-28 02:48:26] [injector] step=08 effective_delta_ratio=0.0140
[2026-03-28 02:48:35] [injector] step=09 effective_delta_ratio=0.0140
[2026-03-28 02:48:43] [injector] step=10 effective_delta_ratio=0.0140
[2026-03-28 02:48:51] [injector] step=11 effective_delta_ratio=0.0140
[2026-03-28 02:48:59] [injector] step=12 effective_delta_ratio=0.0140
[2026-03-28 02:49:07] [injector] step=13 effective_delta_ratio=0.0140
[2026-03-28 02:49:16] [injector] step=14 effective_delta_ratio=0.0140
[2026-03-28 02:51:29]   -> Injecting MASCULINE (strength=1.0)
[2026-03-28 02:51:35] [injector] step=00 effective_delta_ratio=0.0279
[2026-03-28 02:51:44] [injector] step=01 effective_delta_ratio=0.0280
[2026-03-28 02:51:52] [injector] step=02 effective_delta_ratio=0.0280
[2026-03-28 02:52:00] [injector] step=03 effective_delta_ratio=0.0280
[2026-03-28 02:52:08] [injector] step=04 effective_delta_ratio=0.0280
[2026-03-28 02:52:16] [injector] step=05 effective_delta_ratio=0.0280
[2026-03-28 02:52:25] [injector] step=06 effective_delta_ratio=0.0280
[2026-03-28 02:52:33] [injector] step=07 effective_delta_ratio=0.0280
[2026-03-28 02:52:41] [injector] step=08 effective_delta_ratio=0.0280
[2026-03-28 02:52:49] [injector] step=09 effective_delta_ratio=0.0280
[2026-03-28 02:52:58] [injector] step=10 effective_delta_ratio=0.0280
[2026-03-28 02:53:06] [injector] step=11 effective_delta_ratio=0.0280
[2026-03-28 02:53:14] [injector] step=12 effective_delta_ratio=0.0280
[2026-03-28 02:53:22] [injector] step=13 effective_delta_ratio=0.0280
[2026-03-28 02:53:30] [injector] step=14 effective_delta_ratio=0.0280
[2026-03-28 02:55:44]   -> Injecting FEMININE (strength=1.0)
[2026-03-28 02:55:49] [injector] step=00 effective_delta_ratio=0.0279
[2026-03-28 02:55:58] [injector] step=01 effective_delta_ratio=0.0279
[2026-03-28 02:56:06] [injector] step=02 effective_delta_ratio=0.0279
[2026-03-28 02:56:14] [injector] step=03 effective_delta_ratio=0.0279
[2026-03-28 02:56:22] [injector] step=04 effective_delta_ratio=0.0279
[2026-03-28 02:56:31] [injector] step=05 effective_delta_ratio=0.0279
[2026-03-28 02:56:39] [injector] step=06 effective_delta_ratio=0.0279
[2026-03-28 02:56:47] [injector] step=07 effective_delta_ratio=0.0279
[2026-03-28 02:56:55] [injector] step=08 effective_delta_ratio=0.0279
[2026-03-28 02:57:03] [injector] step=09 effective_delta_ratio=0.0279
[2026-03-28 02:57:12] [injector] step=10 effective_delta_ratio=0.0279
[2026-03-28 02:57:20] [injector] step=11 effective_delta_ratio=0.0280
[2026-03-28 02:57:28] [injector] step=12 effective_delta_ratio=0.0280
[2026-03-28 02:57:36] [injector] step=13 effective_delta_ratio=0.0280
[2026-03-28 02:57:45] [injector] step=14 effective_delta_ratio=0.0280
[2026-03-28 02:59:58]   -> Injecting MASCULINE (strength=2.0)
[2026-03-28 03:00:04] [injector] step=00 effective_delta_ratio=0.0558
[2026-03-28 03:00:12] [injector] step=01 effective_delta_ratio=0.0558
[2026-03-28 03:00:20] [injector] step=02 effective_delta_ratio=0.0559
[2026-03-28 03:00:29] [injector] step=03 effective_delta_ratio=0.0559
[2026-03-28 03:00:37] [injector] step=04 effective_delta_ratio=0.0559
[2026-03-28 03:00:45] [injector] step=05 effective_delta_ratio=0.0559
[2026-03-28 03:00:53] [injector] step=06 effective_delta_ratio=0.0559
[2026-03-28 03:01:02] [injector] step=07 effective_delta_ratio=0.0560
[2026-03-28 03:01:10] [injector] step=08 effective_delta_ratio=0.0560
[2026-03-28 03:01:18] [injector] step=09 effective_delta_ratio=0.0560
[2026-03-28 03:01:26] [injector] step=10 effective_delta_ratio=0.0560
[2026-03-28 03:01:34] [injector] step=11 effective_delta_ratio=0.0560
[2026-03-28 03:01:43] [injector] step=12 effective_delta_ratio=0.0560
[2026-03-28 03:01:51] [injector] step=13 effective_delta_ratio=0.0560
[2026-03-28 03:01:59] [injector] step=14 effective_delta_ratio=0.0560
[2026-03-28 03:04:13]   -> Injecting FEMININE (strength=2.0)
[2026-03-28 03:04:18] [injector] step=00 effective_delta_ratio=0.0557
[2026-03-28 03:04:27] [injector] step=01 effective_delta_ratio=0.0557
[2026-03-28 03:04:35] [injector] step=02 effective_delta_ratio=0.0557
[2026-03-28 03:04:43] [injector] step=03 effective_delta_ratio=0.0558
[2026-03-28 03:04:51] [injector] step=04 effective_delta_ratio=0.0558
[2026-03-28 03:05:00] [injector] step=05 effective_delta_ratio=0.0558
[2026-03-28 03:05:08] [injector] step=06 effective_delta_ratio=0.0558
[2026-03-28 03:05:16] [injector] step=07 effective_delta_ratio=0.0558
[2026-03-28 03:05:24] [injector] step=08 effective_delta_ratio=0.0558
[2026-03-28 03:05:32] [injector] step=09 effective_delta_ratio=0.0558
[2026-03-28 03:05:41] [injector] step=10 effective_delta_ratio=0.0558
[2026-03-28 03:05:49] [injector] step=11 effective_delta_ratio=0.0558
[2026-03-28 03:05:57] [injector] step=12 effective_delta_ratio=0.0558
[2026-03-28 03:06:05] [injector] step=13 effective_delta_ratio=0.0558
[2026-03-28 03:06:14] [injector] step=14 effective_delta_ratio=0.0558
[2026-03-28 03:08:27]   -> Injecting MASCULINE (strength=4.0)
[2026-03-28 03:08:33] [injector] step=00 effective_delta_ratio=0.1110
[2026-03-28 03:08:41] [injector] step=01 effective_delta_ratio=0.1112
[2026-03-28 03:08:50] [injector] step=02 effective_delta_ratio=0.1114
[2026-03-28 03:08:58] [injector] step=03 effective_delta_ratio=0.1115
[2026-03-28 03:09:06] [injector] step=04 effective_delta_ratio=0.1115
[2026-03-28 03:09:14] [injector] step=05 effective_delta_ratio=0.1115
[2026-03-28 03:09:22] [injector] step=06 effective_delta_ratio=0.1115
[2026-03-28 03:09:31] [injector] step=07 effective_delta_ratio=0.1116
[2026-03-28 03:09:39] [injector] step=08 effective_delta_ratio=0.1115
[2026-03-28 03:09:47] [injector] step=09 effective_delta_ratio=0.1115
[2026-03-28 03:09:55] [injector] step=10 effective_delta_ratio=0.1115
[2026-03-28 03:10:04] [injector] step=11 effective_delta_ratio=0.1115
[2026-03-28 03:10:12] [injector] step=12 effective_delta_ratio=0.1115
[2026-03-28 03:10:20] [injector] step=13 effective_delta_ratio=0.1114
[2026-03-28 03:10:28] [injector] step=14 effective_delta_ratio=0.1115
[2026-03-28 03:12:43]   -> Injecting FEMININE (strength=4.0)
[2026-03-28 03:12:48] [injector] step=00 effective_delta_ratio=0.1107
[2026-03-28 03:12:56] [injector] step=01 effective_delta_ratio=0.1108
[2026-03-28 03:13:05] [injector] step=02 effective_delta_ratio=0.1108
[2026-03-28 03:13:13] [injector] step=03 effective_delta_ratio=0.1109
[2026-03-28 03:13:21] [injector] step=04 effective_delta_ratio=0.1110
[2026-03-28 03:13:29] [injector] step=05 effective_delta_ratio=0.1111
[2026-03-28 03:13:37] [injector] step=06 effective_delta_ratio=0.1111
[2026-03-28 03:13:46] [injector] step=07 effective_delta_ratio=0.1111
[2026-03-28 03:13:54] [injector] step=08 effective_delta_ratio=0.1111
[2026-03-28 03:14:02] [injector] step=09 effective_delta_ratio=0.1110
[2026-03-28 03:14:10] [injector] step=10 effective_delta_ratio=0.1110
[2026-03-28 03:14:19] [injector] step=11 effective_delta_ratio=0.1110
[2026-03-28 03:14:27] [injector] step=12 effective_delta_ratio=0.1110
[2026-03-28 03:14:35] [injector] step=13 effective_delta_ratio=0.1110
[2026-03-28 03:14:43] [injector] step=14 effective_delta_ratio=0.1110
[2026-03-28 03:16:57]   -> Injecting MASCULINE (strength=8.0)
[2026-03-28 03:17:02] [injector] step=00 effective_delta_ratio=0.2179
[2026-03-28 03:17:11] [injector] step=01 effective_delta_ratio=0.2186
[2026-03-28 03:17:19] [injector] step=02 effective_delta_ratio=0.2194
[2026-03-28 03:17:27] [injector] step=03 effective_delta_ratio=0.2192
[2026-03-28 03:17:35] [injector] step=04 effective_delta_ratio=0.2191
[2026-03-28 03:17:44] [injector] step=05 effective_delta_ratio=0.2191
[2026-03-28 03:17:52] [injector] step=06 effective_delta_ratio=0.2191
[2026-03-28 03:18:00] [injector] step=07 effective_delta_ratio=0.2192
[2026-03-28 03:18:08] [injector] step=08 effective_delta_ratio=0.2191
[2026-03-28 03:18:16] [injector] step=09 effective_delta_ratio=0.2192
[2026-03-28 03:18:25] [injector] step=10 effective_delta_ratio=0.2191
[2026-03-28 03:18:33] [injector] step=11 effective_delta_ratio=0.2190
[2026-03-28 03:18:41] [injector] step=12 effective_delta_ratio=0.2189
[2026-03-28 03:18:49] [injector] step=13 effective_delta_ratio=0.2189
[2026-03-28 03:18:57] [injector] step=14 effective_delta_ratio=0.2188
[2026-03-28 03:21:11]   -> Injecting FEMININE (strength=8.0)
[2026-03-28 03:21:17] [injector] step=00 effective_delta_ratio=0.2169
[2026-03-28 03:21:25] [injector] step=01 effective_delta_ratio=0.2166
[2026-03-28 03:21:33] [injector] step=02 effective_delta_ratio=0.2169
[2026-03-28 03:21:41] [injector] step=03 effective_delta_ratio=0.2173
[2026-03-28 03:21:49] [injector] step=04 effective_delta_ratio=0.2177
[2026-03-28 03:21:58] [injector] step=05 effective_delta_ratio=0.2180
[2026-03-28 03:22:06] [injector] step=06 effective_delta_ratio=0.2181
[2026-03-28 03:22:14] [injector] step=07 effective_delta_ratio=0.2183
[2026-03-28 03:22:22] [injector] step=08 effective_delta_ratio=0.2183
[2026-03-28 03:22:31] [injector] step=09 effective_delta_ratio=0.2183
[2026-03-28 03:22:39] [injector] step=10 effective_delta_ratio=0.2184
[2026-03-28 03:22:47] [injector] step=11 effective_delta_ratio=0.2180
[2026-03-28 03:22:55] [injector] step=12 effective_delta_ratio=0.2180
[2026-03-28 03:23:03] [injector] step=13 effective_delta_ratio=0.2183
[2026-03-28 03:23:12] [injector] step=14 effective_delta_ratio=0.2180
[2026-03-28 03:25:25]   -> Injecting MASCULINE (strength=12.0)
[2026-03-28 03:25:30] [injector] step=00 effective_delta_ratio=0.3176
[2026-03-28 03:25:39] [injector] step=01 effective_delta_ratio=0.3186
[2026-03-28 03:25:47] [injector] step=02 effective_delta_ratio=0.3201
[2026-03-28 03:25:55] [injector] step=03 effective_delta_ratio=0.3198
[2026-03-28 03:26:03] [injector] step=04 effective_delta_ratio=0.3193
[2026-03-28 03:26:12] [injector] step=05 effective_delta_ratio=0.3186
[2026-03-28 03:26:20] [injector] step=06 effective_delta_ratio=0.3181
[2026-03-28 03:26:28] [injector] step=07 effective_delta_ratio=0.3174
[2026-03-28 03:26:36] [injector] step=08 effective_delta_ratio=0.3167
[2026-03-28 03:26:45] [injector] step=09 effective_delta_ratio=0.3167
[2026-03-28 03:26:53] [injector] step=10 effective_delta_ratio=0.3164
[2026-03-28 03:27:01] [injector] step=11 effective_delta_ratio=0.3164
[2026-03-28 03:27:09] [injector] step=12 effective_delta_ratio=0.3162
[2026-03-28 03:27:17] [injector] step=13 effective_delta_ratio=0.3159
[2026-03-28 03:27:26] [injector] step=14 effective_delta_ratio=0.3157
[2026-03-28 03:29:39]   -> Injecting FEMININE (strength=12.0)
[2026-03-28 03:29:45] [injector] step=00 effective_delta_ratio=0.3154
[2026-03-28 03:29:53] [injector] step=01 effective_delta_ratio=0.3147
[2026-03-28 03:30:01] [injector] step=02 effective_delta_ratio=0.3149
[2026-03-28 03:30:09] [injector] step=03 effective_delta_ratio=0.3157
[2026-03-28 03:30:17] [injector] step=04 effective_delta_ratio=0.3167
[2026-03-28 03:30:26] [injector] step=05 effective_delta_ratio=0.3174
[2026-03-28 03:30:34] [injector] step=06 effective_delta_ratio=0.3179
[2026-03-28 03:30:42] [injector] step=07 effective_delta_ratio=0.3179
[2026-03-28 03:30:50] [injector] step=08 effective_delta_ratio=0.3179
[2026-03-28 03:30:59] [injector] step=09 effective_delta_ratio=0.3179
[2026-03-28 03:31:07] [injector] step=10 effective_delta_ratio=0.3179
[2026-03-28 03:31:15] [injector] step=11 effective_delta_ratio=0.3174
[2026-03-28 03:31:23] [injector] step=12 effective_delta_ratio=0.3179
[2026-03-28 03:31:31] [injector] step=13 effective_delta_ratio=0.3174
[2026-03-28 03:31:40] [injector] step=14 effective_delta_ratio=0.3174
[2026-03-28 03:33:53] 
[discovery] Capturing traces for: Doctor
[2026-03-28 03:46:33] [generation] Generating baseline: Doctor
[2026-03-28 03:50:47]   -> Injecting MASCULINE (strength=0.5)
[2026-03-28 03:50:53] [injector] step=00 effective_delta_ratio=0.0140
[2026-03-28 03:51:01] [injector] step=01 effective_delta_ratio=0.0140
[2026-03-28 03:51:09] [injector] step=02 effective_delta_ratio=0.0140
[2026-03-28 03:51:18] [injector] step=03 effective_delta_ratio=0.0140
[2026-03-28 03:51:26] [injector] step=04 effective_delta_ratio=0.0140
[2026-03-28 03:51:34] [injector] step=05 effective_delta_ratio=0.0140
[2026-03-28 03:51:42] [injector] step=06 effective_delta_ratio=0.0140
[2026-03-28 03:51:51] [injector] step=07 effective_delta_ratio=0.0140
[2026-03-28 03:51:59] [injector] step=08 effective_delta_ratio=0.0140
[2026-03-28 03:52:07] [injector] step=09 effective_delta_ratio=0.0140
[2026-03-28 03:52:15] [injector] step=10 effective_delta_ratio=0.0140
[2026-03-28 03:52:23] [injector] step=11 effective_delta_ratio=0.0140
[2026-03-28 03:52:32] [injector] step=12 effective_delta_ratio=0.0140
[2026-03-28 03:52:40] [injector] step=13 effective_delta_ratio=0.0140
[2026-03-28 03:52:48] [injector] step=14 effective_delta_ratio=0.0140
[2026-03-28 03:55:01]   -> Injecting FEMININE (strength=0.5)
[2026-03-28 03:55:07] [injector] step=00 effective_delta_ratio=0.0140
[2026-03-28 03:55:15] [injector] step=01 effective_delta_ratio=0.0140
[2026-03-28 03:55:23] [injector] step=02 effective_delta_ratio=0.0140
[2026-03-28 03:55:31] [injector] step=03 effective_delta_ratio=0.0140
[2026-03-28 03:55:40] [injector] step=04 effective_delta_ratio=0.0140
[2026-03-28 03:55:48] [injector] step=05 effective_delta_ratio=0.0140
[2026-03-28 03:55:56] [injector] step=06 effective_delta_ratio=0.0140
[2026-03-28 03:56:04] [injector] step=07 effective_delta_ratio=0.0140
[2026-03-28 03:56:13] [injector] step=08 effective_delta_ratio=0.0140
[2026-03-28 03:56:21] [injector] step=09 effective_delta_ratio=0.0140
[2026-03-28 03:56:29] [injector] step=10 effective_delta_ratio=0.0140
[2026-03-28 03:56:37] [injector] step=11 effective_delta_ratio=0.0140
[2026-03-28 03:56:45] [injector] step=12 effective_delta_ratio=0.0140
[2026-03-28 03:56:54] [injector] step=13 effective_delta_ratio=0.0140
[2026-03-28 03:57:02] [injector] step=14 effective_delta_ratio=0.0140
[2026-03-28 03:59:15]   -> Injecting MASCULINE (strength=1.0)
[2026-03-28 03:59:21] [injector] step=00 effective_delta_ratio=0.0280
[2026-03-28 03:59:29] [injector] step=01 effective_delta_ratio=0.0280
[2026-03-28 03:59:37] [injector] step=02 effective_delta_ratio=0.0280
[2026-03-28 03:59:46] [injector] step=03 effective_delta_ratio=0.0280
[2026-03-28 03:59:54] [injector] step=04 effective_delta_ratio=0.0280
[2026-03-28 04:00:02] [injector] step=05 effective_delta_ratio=0.0280
[2026-03-28 04:00:10] [injector] step=06 effective_delta_ratio=0.0280
[2026-03-28 04:00:18] [injector] step=07 effective_delta_ratio=0.0280
[2026-03-28 04:00:27] [injector] step=08 effective_delta_ratio=0.0280
[2026-03-28 04:00:35] [injector] step=09 effective_delta_ratio=0.0280
[2026-03-28 04:00:43] [injector] step=10 effective_delta_ratio=0.0280
[2026-03-28 04:00:51] [injector] step=11 effective_delta_ratio=0.0279
[2026-03-28 04:00:59] [injector] step=12 effective_delta_ratio=0.0279
[2026-03-28 04:01:08] [injector] step=13 effective_delta_ratio=0.0279
[2026-03-28 04:01:16] [injector] step=14 effective_delta_ratio=0.0280
[2026-03-28 04:03:29]   -> Injecting FEMININE (strength=1.0)
[2026-03-28 04:03:35] [injector] step=00 effective_delta_ratio=0.0280
[2026-03-28 04:03:43] [injector] step=01 effective_delta_ratio=0.0280
[2026-03-28 04:03:51] [injector] step=02 effective_delta_ratio=0.0280
[2026-03-28 04:03:59] [injector] step=03 effective_delta_ratio=0.0280
[2026-03-28 04:04:08] [injector] step=04 effective_delta_ratio=0.0280
[2026-03-28 04:04:16] [injector] step=05 effective_delta_ratio=0.0280
[2026-03-28 04:04:24] [injector] step=06 effective_delta_ratio=0.0280
[2026-03-28 04:04:32] [injector] step=07 effective_delta_ratio=0.0280
[2026-03-28 04:04:41] [injector] step=08 effective_delta_ratio=0.0280
[2026-03-28 04:04:49] [injector] step=09 effective_delta_ratio=0.0280
[2026-03-28 04:04:57] [injector] step=10 effective_delta_ratio=0.0280
[2026-03-28 04:05:05] [injector] step=11 effective_delta_ratio=0.0280
[2026-03-28 04:05:13] [injector] step=12 effective_delta_ratio=0.0280
[2026-03-28 04:05:22] [injector] step=13 effective_delta_ratio=0.0280
[2026-03-28 04:05:30] [injector] step=14 effective_delta_ratio=0.0280
[2026-03-28 04:07:43]   -> Injecting MASCULINE (strength=2.0)
[2026-03-28 04:07:49] [injector] step=00 effective_delta_ratio=0.0560
[2026-03-28 04:07:57] [injector] step=01 effective_delta_ratio=0.0560
[2026-03-28 04:08:05] [injector] step=02 effective_delta_ratio=0.0560
[2026-03-28 04:08:14] [injector] step=03 effective_delta_ratio=0.0560
[2026-03-28 04:08:22] [injector] step=04 effective_delta_ratio=0.0560
[2026-03-28 04:08:30] [injector] step=05 effective_delta_ratio=0.0560
[2026-03-28 04:08:38] [injector] step=06 effective_delta_ratio=0.0559
[2026-03-28 04:08:46] [injector] step=07 effective_delta_ratio=0.0559
[2026-03-28 04:08:55] [injector] step=08 effective_delta_ratio=0.0559
[2026-03-28 04:09:03] [injector] step=09 effective_delta_ratio=0.0559
[2026-03-28 04:09:11] [injector] step=10 effective_delta_ratio=0.0558
[2026-03-28 04:09:19] [injector] step=11 effective_delta_ratio=0.0559
[2026-03-28 04:09:28] [injector] step=12 effective_delta_ratio=0.0558
[2026-03-28 04:09:36] [injector] step=13 effective_delta_ratio=0.0558
[2026-03-28 04:09:44] [injector] step=14 effective_delta_ratio=0.0558
[2026-03-28 04:11:57]   -> Injecting FEMININE (strength=2.0)
[2026-03-28 04:12:03] [injector] step=00 effective_delta_ratio=0.0560
[2026-03-28 04:12:11] [injector] step=01 effective_delta_ratio=0.0560
[2026-03-28 04:12:19] [injector] step=02 effective_delta_ratio=0.0559
[2026-03-28 04:12:28] [injector] step=03 effective_delta_ratio=0.0560
[2026-03-28 04:12:36] [injector] step=04 effective_delta_ratio=0.0560
[2026-03-28 04:12:44] [injector] step=05 effective_delta_ratio=0.0560
[2026-03-28 04:12:52] [injector] step=06 effective_delta_ratio=0.0560
[2026-03-28 04:13:00] [injector] step=07 effective_delta_ratio=0.0559
[2026-03-28 04:13:09] [injector] step=08 effective_delta_ratio=0.0560
[2026-03-28 04:13:17] [injector] step=09 effective_delta_ratio=0.0560
[2026-03-28 04:13:25] [injector] step=10 effective_delta_ratio=0.0559
[2026-03-28 04:13:33] [injector] step=11 effective_delta_ratio=0.0560
[2026-03-28 04:13:41] [injector] step=12 effective_delta_ratio=0.0560
[2026-03-28 04:13:50] [injector] step=13 effective_delta_ratio=0.0560
[2026-03-28 04:13:58] [injector] step=14 effective_delta_ratio=0.0559
[2026-03-28 04:16:11]   -> Injecting MASCULINE (strength=4.0)
[2026-03-28 04:16:17] [injector] step=00 effective_delta_ratio=0.1119
[2026-03-28 04:16:25] [injector] step=01 effective_delta_ratio=0.1121
[2026-03-28 04:16:33] [injector] step=02 effective_delta_ratio=0.1119
[2026-03-28 04:16:41] [injector] step=03 effective_delta_ratio=0.1120
[2026-03-28 04:16:50] [injector] step=04 effective_delta_ratio=0.1119
[2026-03-28 04:16:58] [injector] step=05 effective_delta_ratio=0.1118
[2026-03-28 04:17:06] [injector] step=06 effective_delta_ratio=0.1118
[2026-03-28 04:17:14] [injector] step=07 effective_delta_ratio=0.1117
[2026-03-28 04:17:22] [injector] step=08 effective_delta_ratio=0.1115
[2026-03-28 04:17:31] [injector] step=09 effective_delta_ratio=0.1114
[2026-03-28 04:17:39] [injector] step=10 effective_delta_ratio=0.1113
[2026-03-28 04:17:47] [injector] step=11 effective_delta_ratio=0.1113
[2026-03-28 04:17:55] [injector] step=12 effective_delta_ratio=0.1113
[2026-03-28 04:18:04] [injector] step=13 effective_delta_ratio=0.1113
[2026-03-28 04:18:12] [injector] step=14 effective_delta_ratio=0.1111
[2026-03-28 04:20:25]   -> Injecting FEMININE (strength=4.0)
[2026-03-28 04:20:31] [injector] step=00 effective_delta_ratio=0.1119
[2026-03-28 04:20:39] [injector] step=01 effective_delta_ratio=0.1118
[2026-03-28 04:20:47] [injector] step=02 effective_delta_ratio=0.1117
[2026-03-28 04:20:55] [injector] step=03 effective_delta_ratio=0.1118
[2026-03-28 04:21:04] [injector] step=04 effective_delta_ratio=0.1116
[2026-03-28 04:21:12] [injector] step=05 effective_delta_ratio=0.1117
[2026-03-28 04:21:20] [injector] step=06 effective_delta_ratio=0.1117
[2026-03-28 04:21:28] [injector] step=07 effective_delta_ratio=0.1116
[2026-03-28 04:21:36] [injector] step=08 effective_delta_ratio=0.1116
[2026-03-28 04:21:45] [injector] step=09 effective_delta_ratio=0.1116
[2026-03-28 04:21:53] [injector] step=10 effective_delta_ratio=0.1117
[2026-03-28 04:22:01] [injector] step=11 effective_delta_ratio=0.1117
[2026-03-28 04:22:09] [injector] step=12 effective_delta_ratio=0.1116
[2026-03-28 04:22:17] [injector] step=13 effective_delta_ratio=0.1116
[2026-03-28 04:22:26] [injector] step=14 effective_delta_ratio=0.1116
[2026-03-28 04:24:39]   -> Injecting MASCULINE (strength=8.0)
[2026-03-28 04:24:45] [injector] step=00 effective_delta_ratio=0.2213
[2026-03-28 04:24:53] [injector] step=01 effective_delta_ratio=0.2217
[2026-03-28 04:25:01] [injector] step=02 effective_delta_ratio=0.2216
[2026-03-28 04:25:09] [injector] step=03 effective_delta_ratio=0.2216
[2026-03-28 04:25:18] [injector] step=04 effective_delta_ratio=0.2214
[2026-03-28 04:25:26] [injector] step=05 effective_delta_ratio=0.2209
[2026-03-28 04:25:34] [injector] step=06 effective_delta_ratio=0.2205
[2026-03-28 04:25:42] [injector] step=07 effective_delta_ratio=0.2202
[2026-03-28 04:25:50] [injector] step=08 effective_delta_ratio=0.2198
[2026-03-28 04:25:59] [injector] step=09 effective_delta_ratio=0.2195
[2026-03-28 04:26:07] [injector] step=10 effective_delta_ratio=0.2191
[2026-03-28 04:26:15] [injector] step=11 effective_delta_ratio=0.2190
[2026-03-28 04:26:23] [injector] step=12 effective_delta_ratio=0.2188
[2026-03-28 04:26:31] [injector] step=13 effective_delta_ratio=0.2188
[2026-03-28 04:26:40] [injector] step=14 effective_delta_ratio=0.2185
[2026-03-28 04:28:53]   -> Injecting FEMININE (strength=8.0)
[2026-03-28 04:28:59] [injector] step=00 effective_delta_ratio=0.2211
[2026-03-28 04:29:07] [injector] step=01 effective_delta_ratio=0.2209
[2026-03-28 04:29:15] [injector] step=02 effective_delta_ratio=0.2205
[2026-03-28 04:29:23] [injector] step=03 effective_delta_ratio=0.2206
[2026-03-28 04:29:32] [injector] step=04 effective_delta_ratio=0.2205
[2026-03-28 04:29:40] [injector] step=05 effective_delta_ratio=0.2206
[2026-03-28 04:29:48] [injector] step=06 effective_delta_ratio=0.2203
[2026-03-28 04:29:56] [injector] step=07 effective_delta_ratio=0.2201
[2026-03-28 04:30:05] [injector] step=08 effective_delta_ratio=0.2203
[2026-03-28 04:30:13] [injector] step=09 effective_delta_ratio=0.2203
[2026-03-28 04:30:21] [injector] step=10 effective_delta_ratio=0.2201
[2026-03-28 04:30:29] [injector] step=11 effective_delta_ratio=0.2202
[2026-03-28 04:30:37] [injector] step=12 effective_delta_ratio=0.2202
[2026-03-28 04:30:46] [injector] step=13 effective_delta_ratio=0.2201
[2026-03-28 04:30:54] [injector] step=14 effective_delta_ratio=0.2200
[2026-03-28 04:33:08]   -> Injecting MASCULINE (strength=12.0)
[2026-03-28 04:33:13] [injector] step=00 effective_delta_ratio=0.3245
[2026-03-28 04:33:22] [injector] step=01 effective_delta_ratio=0.3250
[2026-03-28 04:33:30] [injector] step=02 effective_delta_ratio=0.3252
[2026-03-28 04:33:38] [injector] step=03 effective_delta_ratio=0.3250
[2026-03-28 04:33:46] [injector] step=04 effective_delta_ratio=0.3245
[2026-03-28 04:33:54] [injector] step=05 effective_delta_ratio=0.3237
[2026-03-28 04:34:03] [injector] step=06 effective_delta_ratio=0.3228
[2026-03-28 04:34:11] [injector] step=07 effective_delta_ratio=0.3218
[2026-03-28 04:34:19] [injector] step=08 effective_delta_ratio=0.3208
[2026-03-28 04:34:27] [injector] step=09 effective_delta_ratio=0.3206
[2026-03-28 04:34:35] [injector] step=10 effective_delta_ratio=0.3196
[2026-03-28 04:34:44] [injector] step=11 effective_delta_ratio=0.3193
[2026-03-28 04:34:52] [injector] step=12 effective_delta_ratio=0.3191
[2026-03-28 04:35:00] [injector] step=13 effective_delta_ratio=0.3191
[2026-03-28 04:35:08] [injector] step=14 effective_delta_ratio=0.3191
[2026-03-28 04:37:21]   -> Injecting FEMININE (strength=12.0)
[2026-03-28 04:37:27] [injector] step=00 effective_delta_ratio=0.3240
[2026-03-28 04:37:35] [injector] step=01 effective_delta_ratio=0.3232
[2026-03-28 04:37:43] [injector] step=02 effective_delta_ratio=0.3230
[2026-03-28 04:37:52] [injector] step=03 effective_delta_ratio=0.3228
[2026-03-28 04:38:00] [injector] step=04 effective_delta_ratio=0.3228
[2026-03-28 04:38:08] [injector] step=05 effective_delta_ratio=0.3228
[2026-03-28 04:38:16] [injector] step=06 effective_delta_ratio=0.3225
[2026-03-28 04:38:24] [injector] step=07 effective_delta_ratio=0.3223
[2026-03-28 04:38:33] [injector] step=08 effective_delta_ratio=0.3223
[2026-03-28 04:38:41] [injector] step=09 effective_delta_ratio=0.3220
[2026-03-28 04:38:49] [injector] step=10 effective_delta_ratio=0.3218
[2026-03-28 04:38:57] [injector] step=11 effective_delta_ratio=0.3218
[2026-03-28 04:39:05] [injector] step=12 effective_delta_ratio=0.3218
[2026-03-28 04:39:14] [injector] step=13 effective_delta_ratio=0.3218
[2026-03-28 04:39:22] [injector] step=14 effective_delta_ratio=0.3213
[2026-03-28 04:41:35] 
[discovery] Capturing traces for: Programmer
[2026-03-28 04:54:14] [generation] Generating baseline: Programmer
[2026-03-28 04:58:27]   -> Injecting MASCULINE (strength=0.5)
[2026-03-28 04:58:33] [injector] step=00 effective_delta_ratio=0.0140
[2026-03-28 04:58:41] [injector] step=01 effective_delta_ratio=0.0140
[2026-03-28 04:58:49] [injector] step=02 effective_delta_ratio=0.0140
[2026-03-28 04:58:57] [injector] step=03 effective_delta_ratio=0.0140
[2026-03-28 04:59:06] [injector] step=04 effective_delta_ratio=0.0140
[2026-03-28 04:59:14] [injector] step=05 effective_delta_ratio=0.0140
[2026-03-28 04:59:22] [injector] step=06 effective_delta_ratio=0.0140
[2026-03-28 04:59:30] [injector] step=07 effective_delta_ratio=0.0140
[2026-03-28 04:59:38] [injector] step=08 effective_delta_ratio=0.0140
[2026-03-28 04:59:47] [injector] step=09 effective_delta_ratio=0.0140
[2026-03-28 04:59:55] [injector] step=10 effective_delta_ratio=0.0140
[2026-03-28 05:00:03] [injector] step=11 effective_delta_ratio=0.0140
[2026-03-28 05:00:11] [injector] step=12 effective_delta_ratio=0.0140
[2026-03-28 05:00:19] [injector] step=13 effective_delta_ratio=0.0140
[2026-03-28 05:00:28] [injector] step=14 effective_delta_ratio=0.0140
[2026-03-28 05:02:41]   -> Injecting FEMININE (strength=0.5)
[2026-03-28 05:02:46] [injector] step=00 effective_delta_ratio=0.0140
[2026-03-28 05:02:55] [injector] step=01 effective_delta_ratio=0.0140
[2026-03-28 05:03:03] [injector] step=02 effective_delta_ratio=0.0140
[2026-03-28 05:03:11] [injector] step=03 effective_delta_ratio=0.0140
[2026-03-28 05:03:19] [injector] step=04 effective_delta_ratio=0.0140
[2026-03-28 05:03:27] [injector] step=05 effective_delta_ratio=0.0140
[2026-03-28 05:03:36] [injector] step=06 effective_delta_ratio=0.0140
[2026-03-28 05:03:44] [injector] step=07 effective_delta_ratio=0.0140
[2026-03-28 05:03:52] [injector] step=08 effective_delta_ratio=0.0140
[2026-03-28 05:04:00] [injector] step=09 effective_delta_ratio=0.0140
[2026-03-28 05:04:09] [injector] step=10 effective_delta_ratio=0.0140
[2026-03-28 05:04:17] [injector] step=11 effective_delta_ratio=0.0140
[2026-03-28 05:04:25] [injector] step=12 effective_delta_ratio=0.0140
[2026-03-28 05:04:33] [injector] step=13 effective_delta_ratio=0.0140
[2026-03-28 05:04:41] [injector] step=14 effective_delta_ratio=0.0140
[2026-03-28 05:06:54]   -> Injecting MASCULINE (strength=1.0)
[2026-03-28 05:07:00] [injector] step=00 effective_delta_ratio=0.0279
[2026-03-28 05:07:08] [injector] step=01 effective_delta_ratio=0.0279
[2026-03-28 05:07:16] [injector] step=02 effective_delta_ratio=0.0280
[2026-03-28 05:07:24] [injector] step=03 effective_delta_ratio=0.0280
[2026-03-28 05:07:33] [injector] step=04 effective_delta_ratio=0.0280
[2026-03-28 05:07:41] [injector] step=05 effective_delta_ratio=0.0280
[2026-03-28 05:07:49] [injector] step=06 effective_delta_ratio=0.0280
[2026-03-28 05:07:57] [injector] step=07 effective_delta_ratio=0.0280
[2026-03-28 05:08:06] [injector] step=08 effective_delta_ratio=0.0280
[2026-03-28 05:08:14] [injector] step=09 effective_delta_ratio=0.0280
[2026-03-28 05:08:22] [injector] step=10 effective_delta_ratio=0.0280
[2026-03-28 05:08:30] [injector] step=11 effective_delta_ratio=0.0280
[2026-03-28 05:08:38] [injector] step=12 effective_delta_ratio=0.0280
[2026-03-28 05:08:47] [injector] step=13 effective_delta_ratio=0.0280
[2026-03-28 05:08:55] [injector] step=14 effective_delta_ratio=0.0280
[2026-03-28 05:11:08]   -> Injecting FEMININE (strength=1.0)
[2026-03-28 05:11:13] [injector] step=00 effective_delta_ratio=0.0280
[2026-03-28 05:11:21] [injector] step=01 effective_delta_ratio=0.0280
[2026-03-28 05:11:30] [injector] step=02 effective_delta_ratio=0.0280
[2026-03-28 05:11:38] [injector] step=03 effective_delta_ratio=0.0280
[2026-03-28 05:11:46] [injector] step=04 effective_delta_ratio=0.0280
[2026-03-28 05:11:54] [injector] step=05 effective_delta_ratio=0.0280
[2026-03-28 05:12:03] [injector] step=06 effective_delta_ratio=0.0280
[2026-03-28 05:12:11] [injector] step=07 effective_delta_ratio=0.0280
[2026-03-28 05:12:19] [injector] step=08 effective_delta_ratio=0.0280
[2026-03-28 05:12:27] [injector] step=09 effective_delta_ratio=0.0280
[2026-03-28 05:12:35] [injector] step=10 effective_delta_ratio=0.0280
[2026-03-28 05:12:44] [injector] step=11 effective_delta_ratio=0.0280
[2026-03-28 05:12:52] [injector] step=12 effective_delta_ratio=0.0280
[2026-03-28 05:13:00] [injector] step=13 effective_delta_ratio=0.0280
[2026-03-28 05:13:08] [injector] step=14 effective_delta_ratio=0.0280
[2026-03-28 05:15:21]   -> Injecting MASCULINE (strength=2.0)
[2026-03-28 05:15:27] [injector] step=00 effective_delta_ratio=0.0558
[2026-03-28 05:15:35] [injector] step=01 effective_delta_ratio=0.0558
[2026-03-28 05:15:43] [injector] step=02 effective_delta_ratio=0.0559
[2026-03-28 05:15:51] [injector] step=03 effective_delta_ratio=0.0559
[2026-03-28 05:15:59] [injector] step=04 effective_delta_ratio=0.0559
[2026-03-28 05:16:08] [injector] step=05 effective_delta_ratio=0.0559
[2026-03-28 05:16:16] [injector] step=06 effective_delta_ratio=0.0559
[2026-03-28 05:16:24] [injector] step=07 effective_delta_ratio=0.0559
[2026-03-28 05:16:32] [injector] step=08 effective_delta_ratio=0.0559
[2026-03-28 05:16:41] [injector] step=09 effective_delta_ratio=0.0559
[2026-03-28 05:16:49] [injector] step=10 effective_delta_ratio=0.0559
[2026-03-28 05:16:57] [injector] step=11 effective_delta_ratio=0.0559
[2026-03-28 05:17:05] [injector] step=12 effective_delta_ratio=0.0559
[2026-03-28 05:17:13] [injector] step=13 effective_delta_ratio=0.0558
[2026-03-28 05:17:22] [injector] step=14 effective_delta_ratio=0.0558
[2026-03-28 05:19:35]   -> Injecting FEMININE (strength=2.0)
[2026-03-28 05:19:40] [injector] step=00 effective_delta_ratio=0.0560
[2026-03-28 05:19:48] [injector] step=01 effective_delta_ratio=0.0560
[2026-03-28 05:19:56] [injector] step=02 effective_delta_ratio=0.0560
[2026-03-28 05:20:05] [injector] step=03 effective_delta_ratio=0.0560
[2026-03-28 05:20:13] [injector] step=04 effective_delta_ratio=0.0560
[2026-03-28 05:20:21] [injector] step=05 effective_delta_ratio=0.0560
[2026-03-28 05:20:29] [injector] step=06 effective_delta_ratio=0.0560
[2026-03-28 05:20:37] [injector] step=07 effective_delta_ratio=0.0560
[2026-03-28 05:20:46] [injector] step=08 effective_delta_ratio=0.0561
[2026-03-28 05:20:54] [injector] step=09 effective_delta_ratio=0.0560
[2026-03-28 05:21:02] [injector] step=10 effective_delta_ratio=0.0561
[2026-03-28 05:21:10] [injector] step=11 effective_delta_ratio=0.0560
[2026-03-28 05:21:19] [injector] step=12 effective_delta_ratio=0.0560
[2026-03-28 05:21:27] [injector] step=13 effective_delta_ratio=0.0560
[2026-03-28 05:21:35] [injector] step=14 effective_delta_ratio=0.0560
[2026-03-28 05:23:48]   -> Injecting MASCULINE (strength=4.0)
[2026-03-28 05:23:53] [injector] step=00 effective_delta_ratio=0.1112
[2026-03-28 05:24:02] [injector] step=01 effective_delta_ratio=0.1113
[2026-03-28 05:24:10] [injector] step=02 effective_delta_ratio=0.1114
[2026-03-28 05:24:18] [injector] step=03 effective_delta_ratio=0.1114
[2026-03-28 05:24:26] [injector] step=04 effective_delta_ratio=0.1115
[2026-03-28 05:24:34] [injector] step=05 effective_delta_ratio=0.1115
[2026-03-28 05:24:43] [injector] step=06 effective_delta_ratio=0.1115
[2026-03-28 05:24:51] [injector] step=07 effective_delta_ratio=0.1115
[2026-03-28 05:24:59] [injector] step=08 effective_delta_ratio=0.1115
[2026-03-28 05:25:07] [injector] step=09 effective_delta_ratio=0.1115
[2026-03-28 05:25:15] [injector] step=10 effective_delta_ratio=0.1114
[2026-03-28 05:25:24] [injector] step=11 effective_delta_ratio=0.1113
[2026-03-28 05:25:32] [injector] step=12 effective_delta_ratio=0.1113
[2026-03-28 05:25:40] [injector] step=13 effective_delta_ratio=0.1112
[2026-03-28 05:25:48] [injector] step=14 effective_delta_ratio=0.1113
[2026-03-28 05:28:01]   -> Injecting FEMININE (strength=4.0)
[2026-03-28 05:28:07] [injector] step=00 effective_delta_ratio=0.1119
[2026-03-28 05:28:15] [injector] step=01 effective_delta_ratio=0.1119
[2026-03-28 05:28:23] [injector] step=02 effective_delta_ratio=0.1119
[2026-03-28 05:28:31] [injector] step=03 effective_delta_ratio=0.1119
[2026-03-28 05:28:40] [injector] step=04 effective_delta_ratio=0.1121
[2026-03-28 05:28:48] [injector] step=05 effective_delta_ratio=0.1119
[2026-03-28 05:28:56] [injector] step=06 effective_delta_ratio=0.1119
[2026-03-28 05:29:04] [injector] step=07 effective_delta_ratio=0.1119
[2026-03-28 05:29:13] [injector] step=08 effective_delta_ratio=0.1119
[2026-03-28 05:29:21] [injector] step=09 effective_delta_ratio=0.1120
[2026-03-28 05:29:29] [injector] step=10 effective_delta_ratio=0.1120
[2026-03-28 05:29:37] [injector] step=11 effective_delta_ratio=0.1119
[2026-03-28 05:29:45] [injector] step=12 effective_delta_ratio=0.1119
[2026-03-28 05:29:54] [injector] step=13 effective_delta_ratio=0.1119
[2026-03-28 05:30:02] [injector] step=14 effective_delta_ratio=0.1119
[2026-03-28 05:32:15]   -> Injecting MASCULINE (strength=8.0)
[2026-03-28 05:32:20] [injector] step=00 effective_delta_ratio=0.2189
[2026-03-28 05:32:29] [injector] step=01 effective_delta_ratio=0.2191
[2026-03-28 05:32:37] [injector] step=02 effective_delta_ratio=0.2194
[2026-03-28 05:32:45] [injector] step=03 effective_delta_ratio=0.2194
[2026-03-28 05:32:53] [injector] step=04 effective_delta_ratio=0.2195
[2026-03-28 05:33:01] [injector] step=05 effective_delta_ratio=0.2196
[2026-03-28 05:33:10] [injector] step=06 effective_delta_ratio=0.2197
[2026-03-28 05:33:18] [injector] step=07 effective_delta_ratio=0.2196
[2026-03-28 05:33:26] [injector] step=08 effective_delta_ratio=0.2195
[2026-03-28 05:33:34] [injector] step=09 effective_delta_ratio=0.2194
[2026-03-28 05:33:43] [injector] step=10 effective_delta_ratio=0.2192
[2026-03-28 05:33:51] [injector] step=11 effective_delta_ratio=0.2190
[2026-03-28 05:33:59] [injector] step=12 effective_delta_ratio=0.2189
[2026-03-28 05:34:07] [injector] step=13 effective_delta_ratio=0.2188
[2026-03-28 05:34:15] [injector] step=14 effective_delta_ratio=0.2188
[2026-03-28 05:36:28]   -> Injecting FEMININE (strength=8.0)
[2026-03-28 05:36:34] [injector] step=00 effective_delta_ratio=0.2213
[2026-03-28 05:36:42] [injector] step=01 effective_delta_ratio=0.2216
[2026-03-28 05:36:50] [injector] step=02 effective_delta_ratio=0.2216
[2026-03-28 05:36:59] [injector] step=03 effective_delta_ratio=0.2216
[2026-03-28 05:37:07] [injector] step=04 effective_delta_ratio=0.2216
[2026-03-28 05:37:15] [injector] step=05 effective_delta_ratio=0.2214
[2026-03-28 05:37:23] [injector] step=06 effective_delta_ratio=0.2213
[2026-03-28 05:37:32] [injector] step=07 effective_delta_ratio=0.2213
[2026-03-28 05:37:40] [injector] step=08 effective_delta_ratio=0.2212
[2026-03-28 05:37:48] [injector] step=09 effective_delta_ratio=0.2212
[2026-03-28 05:37:56] [injector] step=10 effective_delta_ratio=0.2213
[2026-03-28 05:38:04] [injector] step=11 effective_delta_ratio=0.2213
[2026-03-28 05:38:13] [injector] step=12 effective_delta_ratio=0.2211
[2026-03-28 05:38:21] [injector] step=13 effective_delta_ratio=0.2211
[2026-03-28 05:38:29] [injector] step=14 effective_delta_ratio=0.2211
[2026-03-28 05:40:42]   -> Injecting MASCULINE (strength=12.0)
[2026-03-28 05:40:48] [injector] step=00 effective_delta_ratio=0.3198
[2026-03-28 05:40:56] [injector] step=01 effective_delta_ratio=0.3198
[2026-03-28 05:41:04] [injector] step=02 effective_delta_ratio=0.3198
[2026-03-28 05:41:12] [injector] step=03 effective_delta_ratio=0.3203
[2026-03-28 05:41:21] [injector] step=04 effective_delta_ratio=0.3208
[2026-03-28 05:41:29] [injector] step=05 effective_delta_ratio=0.3210
[2026-03-28 05:41:37] [injector] step=06 effective_delta_ratio=0.3210
[2026-03-28 05:41:45] [injector] step=07 effective_delta_ratio=0.3206
[2026-03-28 05:41:53] [injector] step=08 effective_delta_ratio=0.3206
[2026-03-28 05:42:02] [injector] step=09 effective_delta_ratio=0.3203
[2026-03-28 05:42:10] [injector] step=10 effective_delta_ratio=0.3201
[2026-03-28 05:42:18] [injector] step=11 effective_delta_ratio=0.3196
[2026-03-28 05:42:26] [injector] step=12 effective_delta_ratio=0.3193
[2026-03-28 05:42:34] [injector] step=13 effective_delta_ratio=0.3191
[2026-03-28 05:42:43] [injector] step=14 effective_delta_ratio=0.3191
[2026-03-28 05:44:56]   -> Injecting FEMININE (strength=12.0)
[2026-03-28 05:45:01] [injector] step=00 effective_delta_ratio=0.3247
[2026-03-28 05:45:09] [injector] step=01 effective_delta_ratio=0.3250
[2026-03-28 05:45:18] [injector] step=02 effective_delta_ratio=0.3252
[2026-03-28 05:45:26] [injector] step=03 effective_delta_ratio=0.3247
[2026-03-28 05:45:34] [injector] step=04 effective_delta_ratio=0.3247
[2026-03-28 05:45:42] [injector] step=05 effective_delta_ratio=0.3245
[2026-03-28 05:45:51] [injector] step=06 effective_delta_ratio=0.3242
[2026-03-28 05:45:59] [injector] step=07 effective_delta_ratio=0.3240
[2026-03-28 05:46:07] [injector] step=08 effective_delta_ratio=0.3240
[2026-03-28 05:46:15] [injector] step=09 effective_delta_ratio=0.3242
[2026-03-28 05:46:23] [injector] step=10 effective_delta_ratio=0.3240
[2026-03-28 05:46:32] [injector] step=11 effective_delta_ratio=0.3240
[2026-03-28 05:46:40] [injector] step=12 effective_delta_ratio=0.3237
[2026-03-28 05:46:48] [injector] step=13 effective_delta_ratio=0.3235
[2026-03-28 05:46:56] [injector] step=14 effective_delta_ratio=0.3237
[2026-03-28 05:49:09] 
[discovery] Capturing traces for: Kindergarten Teacher
[2026-03-28 06:01:48] [generation] Generating baseline: Kindergarten Teacher
[2026-03-28 06:06:01]   -> Injecting MASCULINE (strength=0.5)
[2026-03-28 06:06:06] [injector] step=00 effective_delta_ratio=0.0140
[2026-03-28 06:06:15] [injector] step=01 effective_delta_ratio=0.0140
[2026-03-28 06:06:23] [injector] step=02 effective_delta_ratio=0.0140
[2026-03-28 06:06:31] [injector] step=03 effective_delta_ratio=0.0140
[2026-03-28 06:06:39] [injector] step=04 effective_delta_ratio=0.0140
[2026-03-28 06:06:48] [injector] step=05 effective_delta_ratio=0.0140
[2026-03-28 06:06:56] [injector] step=06 effective_delta_ratio=0.0140
[2026-03-28 06:07:04] [injector] step=07 effective_delta_ratio=0.0140
[2026-03-28 06:07:12] [injector] step=08 effective_delta_ratio=0.0140
[2026-03-28 06:07:20] [injector] step=09 effective_delta_ratio=0.0140
[2026-03-28 06:07:29] [injector] step=10 effective_delta_ratio=0.0140
[2026-03-28 06:07:37] [injector] step=11 effective_delta_ratio=0.0140
[2026-03-28 06:07:45] [injector] step=12 effective_delta_ratio=0.0140
[2026-03-28 06:07:53] [injector] step=13 effective_delta_ratio=0.0140
[2026-03-28 06:08:01] [injector] step=14 effective_delta_ratio=0.0140
[2026-03-28 06:10:14]   -> Injecting FEMININE (strength=0.5)
[2026-03-28 06:10:20] [injector] step=00 effective_delta_ratio=0.0140
[2026-03-28 06:10:28] [injector] step=01 effective_delta_ratio=0.0140
[2026-03-28 06:10:36] [injector] step=02 effective_delta_ratio=0.0140
[2026-03-28 06:10:44] [injector] step=03 effective_delta_ratio=0.0140
[2026-03-28 06:10:53] [injector] step=04 effective_delta_ratio=0.0140
[2026-03-28 06:11:01] [injector] step=05 effective_delta_ratio=0.0140
[2026-03-28 06:11:09] [injector] step=06 effective_delta_ratio=0.0140
[2026-03-28 06:11:17] [injector] step=07 effective_delta_ratio=0.0140
[2026-03-28 06:11:25] [injector] step=08 effective_delta_ratio=0.0140
[2026-03-28 06:11:34] [injector] step=09 effective_delta_ratio=0.0140
[2026-03-28 06:11:42] [injector] step=10 effective_delta_ratio=0.0140
[2026-03-28 06:11:50] [injector] step=11 effective_delta_ratio=0.0140
[2026-03-28 06:11:58] [injector] step=12 effective_delta_ratio=0.0140
[2026-03-28 06:12:07] [injector] step=13 effective_delta_ratio=0.0140
[2026-03-28 06:12:15] [injector] step=14 effective_delta_ratio=0.0140
[2026-03-28 06:14:28]   -> Injecting MASCULINE (strength=1.0)
[2026-03-28 06:14:33] [injector] step=00 effective_delta_ratio=0.0280
[2026-03-28 06:14:41] [injector] step=01 effective_delta_ratio=0.0280
[2026-03-28 06:14:50] [injector] step=02 effective_delta_ratio=0.0280
[2026-03-28 06:14:58] [injector] step=03 effective_delta_ratio=0.0280
[2026-03-28 06:15:06] [injector] step=04 effective_delta_ratio=0.0280
[2026-03-28 06:15:14] [injector] step=05 effective_delta_ratio=0.0280
[2026-03-28 06:15:22] [injector] step=06 effective_delta_ratio=0.0280
[2026-03-28 06:15:31] [injector] step=07 effective_delta_ratio=0.0280
[2026-03-28 06:15:39] [injector] step=08 effective_delta_ratio=0.0280
[2026-03-28 06:15:47] [injector] step=09 effective_delta_ratio=0.0280
[2026-03-28 06:15:55] [injector] step=10 effective_delta_ratio=0.0280
[2026-03-28 06:16:03] [injector] step=11 effective_delta_ratio=0.0280
[2026-03-28 06:16:12] [injector] step=12 effective_delta_ratio=0.0280
[2026-03-28 06:16:20] [injector] step=13 effective_delta_ratio=0.0280
[2026-03-28 06:16:28] [injector] step=14 effective_delta_ratio=0.0280
[2026-03-28 06:18:41]   -> Injecting FEMININE (strength=1.0)
[2026-03-28 06:18:47] [injector] step=00 effective_delta_ratio=0.0280
[2026-03-28 06:18:55] [injector] step=01 effective_delta_ratio=0.0280
[2026-03-28 06:19:03] [injector] step=02 effective_delta_ratio=0.0280
[2026-03-28 06:19:11] [injector] step=03 effective_delta_ratio=0.0280
[2026-03-28 06:19:19] [injector] step=04 effective_delta_ratio=0.0280
[2026-03-28 06:19:28] [injector] step=05 effective_delta_ratio=0.0279
[2026-03-28 06:19:36] [injector] step=06 effective_delta_ratio=0.0280
[2026-03-28 06:19:44] [injector] step=07 effective_delta_ratio=0.0280
[2026-03-28 06:19:52] [injector] step=08 effective_delta_ratio=0.0280
[2026-03-28 06:20:01] [injector] step=09 effective_delta_ratio=0.0280
[2026-03-28 06:20:09] [injector] step=10 effective_delta_ratio=0.0280
[2026-03-28 06:20:17] [injector] step=11 effective_delta_ratio=0.0280
[2026-03-28 06:20:25] [injector] step=12 effective_delta_ratio=0.0280
[2026-03-28 06:20:33] [injector] step=13 effective_delta_ratio=0.0280
[2026-03-28 06:20:42] [injector] step=14 effective_delta_ratio=0.0280
[2026-03-28 06:22:55]   -> Injecting MASCULINE (strength=2.0)
[2026-03-28 06:23:00] [injector] step=00 effective_delta_ratio=0.0559
[2026-03-28 06:23:08] [injector] step=01 effective_delta_ratio=0.0559
[2026-03-28 06:23:16] [injector] step=02 effective_delta_ratio=0.0559
[2026-03-28 06:23:25] [injector] step=03 effective_delta_ratio=0.0559
[2026-03-28 06:23:33] [injector] step=04 effective_delta_ratio=0.0560
[2026-03-28 06:23:41] [injector] step=05 effective_delta_ratio=0.0560
[2026-03-28 06:23:49] [injector] step=06 effective_delta_ratio=0.0560
[2026-03-28 06:23:57] [injector] step=07 effective_delta_ratio=0.0560
[2026-03-28 06:24:06] [injector] step=08 effective_delta_ratio=0.0560
[2026-03-28 06:24:14] [injector] step=09 effective_delta_ratio=0.0560
[2026-03-28 06:24:22] [injector] step=10 effective_delta_ratio=0.0560
[2026-03-28 06:24:30] [injector] step=11 effective_delta_ratio=0.0560
[2026-03-28 06:24:39] [injector] step=12 effective_delta_ratio=0.0560
[2026-03-28 06:24:47] [injector] step=13 effective_delta_ratio=0.0559
[2026-03-28 06:24:55] [injector] step=14 effective_delta_ratio=0.0560
[2026-03-28 06:27:08]   -> Injecting FEMININE (strength=2.0)
[2026-03-28 06:27:13] [injector] step=00 effective_delta_ratio=0.0560
[2026-03-28 06:27:22] [injector] step=01 effective_delta_ratio=0.0559
[2026-03-28 06:27:30] [injector] step=02 effective_delta_ratio=0.0559
[2026-03-28 06:27:38] [injector] step=03 effective_delta_ratio=0.0559
[2026-03-28 06:27:46] [injector] step=04 effective_delta_ratio=0.0559
[2026-03-28 06:27:55] [injector] step=05 effective_delta_ratio=0.0559
[2026-03-28 06:28:03] [injector] step=06 effective_delta_ratio=0.0559
[2026-03-28 06:28:11] [injector] step=07 effective_delta_ratio=0.0559
[2026-03-28 06:28:19] [injector] step=08 effective_delta_ratio=0.0559
[2026-03-28 06:28:27] [injector] step=09 effective_delta_ratio=0.0559
[2026-03-28 06:28:36] [injector] step=10 effective_delta_ratio=0.0559
[2026-03-28 06:28:44] [injector] step=11 effective_delta_ratio=0.0559
[2026-03-28 06:28:52] [injector] step=12 effective_delta_ratio=0.0559
[2026-03-28 06:29:00] [injector] step=13 effective_delta_ratio=0.0558
[2026-03-28 06:29:09] [injector] step=14 effective_delta_ratio=0.0558
[2026-03-28 06:31:22]   -> Injecting MASCULINE (strength=4.0)
[2026-03-28 06:31:27] [injector] step=00 effective_delta_ratio=0.1115
[2026-03-28 06:31:35] [injector] step=01 effective_delta_ratio=0.1115
[2026-03-28 06:31:43] [injector] step=02 effective_delta_ratio=0.1116
[2026-03-28 06:31:52] [injector] step=03 effective_delta_ratio=0.1116
[2026-03-28 06:32:00] [injector] step=04 effective_delta_ratio=0.1117
[2026-03-28 06:32:08] [injector] step=05 effective_delta_ratio=0.1118
[2026-03-28 06:32:16] [injector] step=06 effective_delta_ratio=0.1118
[2026-03-28 06:32:24] [injector] step=07 effective_delta_ratio=0.1117
[2026-03-28 06:32:33] [injector] step=08 effective_delta_ratio=0.1118
[2026-03-28 06:32:41] [injector] step=09 effective_delta_ratio=0.1117
[2026-03-28 06:32:49] [injector] step=10 effective_delta_ratio=0.1118
[2026-03-28 06:32:57] [injector] step=11 effective_delta_ratio=0.1117
[2026-03-28 06:33:05] [injector] step=12 effective_delta_ratio=0.1118
[2026-03-28 06:33:14] [injector] step=13 effective_delta_ratio=0.1118
[2026-03-28 06:33:22] [injector] step=14 effective_delta_ratio=0.1118
[2026-03-28 06:35:34]   -> Injecting FEMININE (strength=4.0)
[2026-03-28 06:35:40] [injector] step=00 effective_delta_ratio=0.1117
[2026-03-28 06:35:48] [injector] step=01 effective_delta_ratio=0.1115
[2026-03-28 06:35:56] [injector] step=02 effective_delta_ratio=0.1114
[2026-03-28 06:36:04] [injector] step=03 effective_delta_ratio=0.1115
[2026-03-28 06:36:13] [injector] step=04 effective_delta_ratio=0.1114
[2026-03-28 06:36:21] [injector] step=05 effective_delta_ratio=0.1114
[2026-03-28 06:36:29] [injector] step=06 effective_delta_ratio=0.1115
[2026-03-28 06:36:37] [injector] step=07 effective_delta_ratio=0.1114
[2026-03-28 06:36:45] [injector] step=08 effective_delta_ratio=0.1113
[2026-03-28 06:36:54] [injector] step=09 effective_delta_ratio=0.1114
[2026-03-28 06:37:02] [injector] step=10 effective_delta_ratio=0.1113
[2026-03-28 06:37:10] [injector] step=11 effective_delta_ratio=0.1114
[2026-03-28 06:37:18] [injector] step=12 effective_delta_ratio=0.1113
[2026-03-28 06:37:27] [injector] step=13 effective_delta_ratio=0.1113
[2026-03-28 06:37:35] [injector] step=14 effective_delta_ratio=0.1111
[2026-03-28 06:39:48]   -> Injecting MASCULINE (strength=8.0)
[2026-03-28 06:39:53] [injector] step=00 effective_delta_ratio=0.2196
[2026-03-28 06:40:01] [injector] step=01 effective_delta_ratio=0.2198
[2026-03-28 06:40:09] [injector] step=02 effective_delta_ratio=0.2200
[2026-03-28 06:40:18] [injector] step=03 effective_delta_ratio=0.2201
[2026-03-28 06:40:26] [injector] step=04 effective_delta_ratio=0.2203
[2026-03-28 06:40:34] [injector] step=05 effective_delta_ratio=0.2205
[2026-03-28 06:40:42] [injector] step=06 effective_delta_ratio=0.2203
[2026-03-28 06:40:51] [injector] step=07 effective_delta_ratio=0.2203
[2026-03-28 06:40:59] [injector] step=08 effective_delta_ratio=0.2201
[2026-03-28 06:41:07] [injector] step=09 effective_delta_ratio=0.2202
[2026-03-28 06:41:15] [injector] step=10 effective_delta_ratio=0.2201
[2026-03-28 06:41:23] [injector] step=11 effective_delta_ratio=0.2198
[2026-03-28 06:41:32] [injector] step=12 effective_delta_ratio=0.2200
[2026-03-28 06:41:40] [injector] step=13 effective_delta_ratio=0.2197
[2026-03-28 06:41:48] [injector] step=14 effective_delta_ratio=0.2196
[2026-03-28 06:44:01]   -> Injecting FEMININE (strength=8.0)
[2026-03-28 06:44:06] [injector] step=00 effective_delta_ratio=0.2203
[2026-03-28 06:44:14] [injector] step=01 effective_delta_ratio=0.2198
[2026-03-28 06:44:22] [injector] step=02 effective_delta_ratio=0.2195
[2026-03-28 06:44:31] [injector] step=03 effective_delta_ratio=0.2196
[2026-03-28 06:44:39] [injector] step=04 effective_delta_ratio=0.2195
[2026-03-28 06:44:47] [injector] step=05 effective_delta_ratio=0.2192
[2026-03-28 06:44:55] [injector] step=06 effective_delta_ratio=0.2192
[2026-03-28 06:45:04] [injector] step=07 effective_delta_ratio=0.2190
[2026-03-28 06:45:12] [injector] step=08 effective_delta_ratio=0.2190
[2026-03-28 06:45:20] [injector] step=09 effective_delta_ratio=0.2190
[2026-03-28 06:45:28] [injector] step=10 effective_delta_ratio=0.2189
[2026-03-28 06:45:36] [injector] step=11 effective_delta_ratio=0.2186
[2026-03-28 06:45:45] [injector] step=12 effective_delta_ratio=0.2185
[2026-03-28 06:45:53] [injector] step=13 effective_delta_ratio=0.2184
[2026-03-28 06:46:01] [injector] step=14 effective_delta_ratio=0.2180
[2026-03-28 06:48:14]   -> Injecting MASCULINE (strength=12.0)
[2026-03-28 06:48:19] [injector] step=00 effective_delta_ratio=0.3208
[2026-03-28 06:48:27] [injector] step=01 effective_delta_ratio=0.3213
[2026-03-28 06:48:36] [injector] step=02 effective_delta_ratio=0.3215
[2026-03-28 06:48:44] [injector] step=03 effective_delta_ratio=0.3218
[2026-03-28 06:48:52] [injector] step=04 effective_delta_ratio=0.3223
[2026-03-28 06:49:00] [injector] step=05 effective_delta_ratio=0.3220
[2026-03-28 06:49:08] [injector] step=06 effective_delta_ratio=0.3215
[2026-03-28 06:49:17] [injector] step=07 effective_delta_ratio=0.3213
[2026-03-28 06:49:25] [injector] step=08 effective_delta_ratio=0.3206
[2026-03-28 06:49:33] [injector] step=09 effective_delta_ratio=0.3201
[2026-03-28 06:49:41] [injector] step=10 effective_delta_ratio=0.3196
[2026-03-28 06:49:50] [injector] step=11 effective_delta_ratio=0.3191
[2026-03-28 06:49:58] [injector] step=12 effective_delta_ratio=0.3184
[2026-03-28 06:50:06] [injector] step=13 effective_delta_ratio=0.3179
[2026-03-28 06:50:14] [injector] step=14 effective_delta_ratio=0.3174
[2026-03-28 06:52:27]   -> Injecting FEMININE (strength=12.0)
[2026-03-28 06:52:32] [injector] step=00 effective_delta_ratio=0.3220
[2026-03-28 06:52:40] [injector] step=01 effective_delta_ratio=0.3210
[2026-03-28 06:52:49] [injector] step=02 effective_delta_ratio=0.3203
[2026-03-28 06:52:57] [injector] step=03 effective_delta_ratio=0.3208
[2026-03-28 06:53:05] [injector] step=04 effective_delta_ratio=0.3203
[2026-03-28 06:53:13] [injector] step=05 effective_delta_ratio=0.3198
[2026-03-28 06:53:22] [injector] step=06 effective_delta_ratio=0.3203
[2026-03-28 06:53:30] [injector] step=07 effective_delta_ratio=0.3198
[2026-03-28 06:53:38] [injector] step=08 effective_delta_ratio=0.3193
[2026-03-28 06:53:46] [injector] step=09 effective_delta_ratio=0.3191
[2026-03-28 06:53:54] [injector] step=10 effective_delta_ratio=0.3186
[2026-03-28 06:54:03] [injector] step=11 effective_delta_ratio=0.3181
[2026-03-28 06:54:11] [injector] step=12 effective_delta_ratio=0.3176
[2026-03-28 06:54:19] [injector] step=13 effective_delta_ratio=0.3171
[2026-03-28 06:54:27] [injector] step=14 effective_delta_ratio=0.3167
[2026-03-28 06:56:40] 
[done] All prompt-specific injections complete.
