[2026-03-26 23:31:00] [init] Loading SDXL model='stabilityai/stable-diffusion-xl-base-1.0' device=cuda dtype=torch.float16
[2026-03-26 23:31:02] [init] Model loaded in 1.61s
[2026-03-26 23:31:02] [init] Enabled CPU offload
[2026-03-26 23:31:02] [vector] Mode: LOAD
[2026-03-26 23:31:02] [load] Loaded vector from generated_images_2/steering_vectors/nurse/gender/layer_up_1_mean.pt
[2026-03-26 23:31:02] [load] Loaded vector from generated_images_2/steering_vectors/fire_fighter/gender/layer_up_1_mean.pt
[2026-03-26 23:31:02] [load] Loaded vector from generated_images_2/steering_vectors/programmer/gender/layer_up_1_mean.pt
[2026-03-26 23:31:02] [load] Loaded vector from generated_images_2/steering_vectors/receptionist/gender/layer_up_1_mean.pt
[2026-03-26 23:31:02] [load] Warning: No vector found for Teacher (axis='gender'), skipping
[2026-03-26 23:31:02] [load] Loaded vector from generated_images_2/steering_vectors/doctor/gender/layer_up_1_mean.pt
[2026-03-26 23:31:02] [load] Averaged 5 profession vectors
[2026-03-26 23:31:02] [vector] Loaded averaged vector for layer up_1
[2026-03-26 23:31:02] [save] Saved loaded vector snapshot to outputs/injection_results/steering_vector_loaded.pt
[2026-03-26 23:31:02] [eval] Using 6 auto-generated prompts from professions
[2026-03-26 23:31:02] [outcomes] Generating comparison images
[2026-03-26 23:31:02] [outcomes] Baseline for: A realistic profile picture of a Nurse
[2026-03-26 23:31:24] [outcomes] prompt='A realistic profile picture of a Nurse' sign=masculine strength=0.5
[2026-03-26 23:31:24] [injector] Installed on up_1, mode=add, strength=0.5, cfg_target=cond, schedule=flat
[2026-03-26 23:31:24] [gen] prompt='A realistic profile picture of a Nurse' seed=1234 layer=up_1 mode=add strength=0.5
[2026-03-26 23:31:27] [injector] step=00 effective_delta_ratio=0.0099
[2026-03-26 23:31:29] [injector] step=05 effective_delta_ratio=0.0099
[2026-03-26 23:31:31] [injector] step=10 effective_delta_ratio=0.0099
[2026-03-26 23:31:33] [injector] step=15 effective_delta_ratio=0.0099
[2026-03-26 23:31:35] [injector] step=20 effective_delta_ratio=0.0099
[2026-03-26 23:31:37] [injector] step=25 effective_delta_ratio=0.0099
[2026-03-26 23:31:43] [injector] Uninstalled after 30 hook calls, injected on 30 steps
[2026-03-26 23:31:43] [outcomes] prompt='A realistic profile picture of a Nurse' sign=feminine strength=0.5
[2026-03-26 23:31:43] [injector] Installed on up_1, mode=add, strength=-0.5, cfg_target=cond, schedule=flat
[2026-03-26 23:31:43] [gen] prompt='A realistic profile picture of a Nurse' seed=1234 layer=up_1 mode=add strength=-0.5
[2026-03-26 23:31:46] [injector] step=00 effective_delta_ratio=0.0099
[2026-03-26 23:31:49] [injector] step=05 effective_delta_ratio=0.0099
[2026-03-26 23:31:51] [injector] step=10 effective_delta_ratio=0.0099
[2026-03-26 23:31:53] [injector] step=15 effective_delta_ratio=0.0099
[2026-03-26 23:31:55] [injector] step=20 effective_delta_ratio=0.0099
[2026-03-26 23:31:57] [injector] step=25 effective_delta_ratio=0.0099
[2026-03-26 23:32:01] [injector] Uninstalled after 30 hook calls, injected on 30 steps
[2026-03-26 23:32:02] [outcomes] prompt='A realistic profile picture of a Nurse' sign=masculine strength=1.0
[2026-03-26 23:32:02] [injector] Installed on up_1, mode=add, strength=1.0, cfg_target=cond, schedule=flat
[2026-03-26 23:32:02] [gen] prompt='A realistic profile picture of a Nurse' seed=1234 layer=up_1 mode=add strength=1.0
[2026-03-26 23:32:04] [injector] step=00 effective_delta_ratio=0.0198
[2026-03-26 23:32:07] [injector] step=05 effective_delta_ratio=0.0198
[2026-03-26 23:32:09] [injector] step=10 effective_delta_ratio=0.0198
[2026-03-26 23:32:11] [injector] step=15 effective_delta_ratio=0.0198
[2026-03-26 23:32:13] [injector] step=20 effective_delta_ratio=0.0198
[2026-03-26 23:32:15] [injector] step=25 effective_delta_ratio=0.0198
[2026-03-26 23:32:19] [injector] Uninstalled after 30 hook calls, injected on 30 steps
[2026-03-26 23:32:19] [outcomes] prompt='A realistic profile picture of a Nurse' sign=feminine strength=1.0
[2026-03-26 23:32:19] [injector] Installed on up_1, mode=add, strength=-1.0, cfg_target=cond, schedule=flat
[2026-03-26 23:32:19] [gen] prompt='A realistic profile picture of a Nurse' seed=1234 layer=up_1 mode=add strength=-1.0
[2026-03-26 23:32:21] [injector] step=00 effective_delta_ratio=0.0198
[2026-03-26 23:32:23] [injector] step=05 effective_delta_ratio=0.0198
[2026-03-26 23:32:25] [injector] step=10 effective_delta_ratio=0.0198
[2026-03-26 23:32:27] [injector] step=15 effective_delta_ratio=0.0198
[2026-03-26 23:32:30] [injector] step=20 effective_delta_ratio=0.0198
[2026-03-26 23:32:32] [injector] step=25 effective_delta_ratio=0.0198
[2026-03-26 23:32:36] [injector] Uninstalled after 30 hook calls, injected on 30 steps
[2026-03-26 23:32:36] [outcomes] prompt='A realistic profile picture of a Nurse' sign=masculine strength=2.0
[2026-03-26 23:32:36] [injector] Installed on up_1, mode=add, strength=2.0, cfg_target=cond, schedule=flat
[2026-03-26 23:32:36] [gen] prompt='A realistic profile picture of a Nurse' seed=1234 layer=up_1 mode=add strength=2.0
[2026-03-26 23:32:38] [injector] step=00 effective_delta_ratio=0.0395
[2026-03-26 23:32:40] [injector] step=05 effective_delta_ratio=0.0395
[2026-03-26 23:32:43] [injector] step=10 effective_delta_ratio=0.0395
[2026-03-26 23:32:45] [injector] step=15 effective_delta_ratio=0.0395
[2026-03-26 23:32:47] [injector] step=20 effective_delta_ratio=0.0395
[2026-03-26 23:32:49] [injector] step=25 effective_delta_ratio=0.0395
[2026-03-26 23:32:53] [injector] Uninstalled after 30 hook calls, injected on 30 steps
[2026-03-26 23:32:53] [outcomes] prompt='A realistic profile picture of a Nurse' sign=feminine strength=2.0
[2026-03-26 23:32:53] [injector] Installed on up_1, mode=add, strength=-2.0, cfg_target=cond, schedule=flat
[2026-03-26 23:32:53] [gen] prompt='A realistic profile picture of a Nurse' seed=1234 layer=up_1 mode=add strength=-2.0
[2026-03-26 23:32:56] [injector] step=00 effective_delta_ratio=0.0395
[2026-03-26 23:32:58] [injector] step=05 effective_delta_ratio=0.0395
[2026-03-26 23:33:00] [injector] step=10 effective_delta_ratio=0.0395
[2026-03-26 23:33:02] [injector] step=15 effective_delta_ratio=0.0395
[2026-03-26 23:33:04] [injector] step=20 effective_delta_ratio=0.0395
[2026-03-26 23:33:06] [injector] step=25 effective_delta_ratio=0.0396
[2026-03-26 23:33:10] [injector] Uninstalled after 30 hook calls, injected on 30 steps
[2026-03-26 23:33:11] [outcomes] Baseline for: A realistic profile picture of a Fire Fighter
[2026-03-26 23:33:28] [outcomes] prompt='A realistic profile picture of a Fire Fighter' sign=masculine strength=0.5
[2026-03-26 23:33:28] [injector] Installed on up_1, mode=add, strength=0.5, cfg_target=cond, schedule=flat
[2026-03-26 23:33:28] [gen] prompt='A realistic profile picture of a Fire Fighter' seed=1234 layer=up_1 mode=add strength=0.5
[2026-03-26 23:33:30] [injector] step=00 effective_delta_ratio=0.0099
[2026-03-26 23:33:32] [injector] step=05 effective_delta_ratio=0.0099
[2026-03-26 23:33:34] [injector] step=10 effective_delta_ratio=0.0099
[2026-03-26 23:33:36] [injector] step=15 effective_delta_ratio=0.0099
[2026-03-26 23:33:38] [injector] step=20 effective_delta_ratio=0.0099
[2026-03-26 23:33:41] [injector] step=25 effective_delta_ratio=0.0099
[2026-03-26 23:33:45] [injector] Uninstalled after 30 hook calls, injected on 30 steps
[2026-03-26 23:33:45] [outcomes] prompt='A realistic profile picture of a Fire Fighter' sign=feminine strength=0.5
[2026-03-26 23:33:45] [injector] Installed on up_1, mode=add, strength=-0.5, cfg_target=cond, schedule=flat
[2026-03-26 23:33:45] [gen] prompt='A realistic profile picture of a Fire Fighter' seed=1234 layer=up_1 mode=add strength=-0.5
[2026-03-26 23:33:47] [injector] step=00 effective_delta_ratio=0.0099
[2026-03-26 23:33:49] [injector] step=05 effective_delta_ratio=0.0099
[2026-03-26 23:33:52] [injector] step=10 effective_delta_ratio=0.0099
[2026-03-26 23:33:54] [injector] step=15 effective_delta_ratio=0.0099
[2026-03-26 23:33:56] [injector] step=20 effective_delta_ratio=0.0099
[2026-03-26 23:33:58] [injector] step=25 effective_delta_ratio=0.0099
[2026-03-26 23:34:02] [injector] Uninstalled after 30 hook calls, injected on 30 steps
[2026-03-26 23:34:02] [outcomes] prompt='A realistic profile picture of a Fire Fighter' sign=masculine strength=1.0
[2026-03-26 23:34:02] [injector] Installed on up_1, mode=add, strength=1.0, cfg_target=cond, schedule=flat
[2026-03-26 23:34:02] [gen] prompt='A realistic profile picture of a Fire Fighter' seed=1234 layer=up_1 mode=add strength=1.0
[2026-03-26 23:34:05] [injector] step=00 effective_delta_ratio=0.0198
[2026-03-26 23:34:07] [injector] step=05 effective_delta_ratio=0.0198
[2026-03-26 23:34:09] [injector] step=10 effective_delta_ratio=0.0198
[2026-03-26 23:34:11] [injector] step=15 effective_delta_ratio=0.0198
[2026-03-26 23:34:13] [injector] step=20 effective_delta_ratio=0.0198
[2026-03-26 23:34:15] [injector] step=25 effective_delta_ratio=0.0198
[2026-03-26 23:34:19] [injector] Uninstalled after 30 hook calls, injected on 30 steps
[2026-03-26 23:34:20] [outcomes] prompt='A realistic profile picture of a Fire Fighter' sign=feminine strength=1.0
[2026-03-26 23:34:20] [injector] Installed on up_1, mode=add, strength=-1.0, cfg_target=cond, schedule=flat
[2026-03-26 23:34:20] [gen] prompt='A realistic profile picture of a Fire Fighter' seed=1234 layer=up_1 mode=add strength=-1.0
[2026-03-26 23:34:22] [injector] step=00 effective_delta_ratio=0.0198
[2026-03-26 23:34:24] [injector] step=05 effective_delta_ratio=0.0198
[2026-03-26 23:34:26] [injector] step=10 effective_delta_ratio=0.0198
[2026-03-26 23:34:28] [injector] step=15 effective_delta_ratio=0.0198
[2026-03-26 23:34:30] [injector] step=20 effective_delta_ratio=0.0198
[2026-03-26 23:34:33] [injector] step=25 effective_delta_ratio=0.0198
[2026-03-26 23:34:36] [injector] Uninstalled after 30 hook calls, injected on 30 steps
[2026-03-26 23:34:37] [outcomes] prompt='A realistic profile picture of a Fire Fighter' sign=masculine strength=2.0
[2026-03-26 23:34:37] [injector] Installed on up_1, mode=add, strength=2.0, cfg_target=cond, schedule=flat
[2026-03-26 23:34:37] [gen] prompt='A realistic profile picture of a Fire Fighter' seed=1234 layer=up_1 mode=add strength=2.0
[2026-03-26 23:34:39] [injector] step=00 effective_delta_ratio=0.0395
[2026-03-26 23:34:41] [injector] step=05 effective_delta_ratio=0.0396
[2026-03-26 23:34:43] [injector] step=10 effective_delta_ratio=0.0396
[2026-03-26 23:34:45] [injector] step=15 effective_delta_ratio=0.0396
[2026-03-26 23:34:48] [injector] step=20 effective_delta_ratio=0.0395
[2026-03-26 23:34:50] [injector] step=25 effective_delta_ratio=0.0395
[2026-03-26 23:34:54] [injector] Uninstalled after 30 hook calls, injected on 30 steps
[2026-03-26 23:34:54] [outcomes] prompt='A realistic profile picture of a Fire Fighter' sign=feminine strength=2.0
[2026-03-26 23:34:54] [injector] Installed on up_1, mode=add, strength=-2.0, cfg_target=cond, schedule=flat
[2026-03-26 23:34:54] [gen] prompt='A realistic profile picture of a Fire Fighter' seed=1234 layer=up_1 mode=add strength=-2.0
[2026-03-26 23:34:56] [injector] step=00 effective_delta_ratio=0.0395
[2026-03-26 23:34:59] [injector] step=05 effective_delta_ratio=0.0395
[2026-03-26 23:35:01] [injector] step=10 effective_delta_ratio=0.0396
[2026-03-26 23:35:03] [injector] step=15 effective_delta_ratio=0.0395
[2026-03-26 23:35:05] [injector] step=20 effective_delta_ratio=0.0395
[2026-03-26 23:35:07] [injector] step=25 effective_delta_ratio=0.0395
[2026-03-26 23:35:11] [injector] Uninstalled after 30 hook calls, injected on 30 steps
[2026-03-26 23:35:12] [outcomes] Baseline for: A realistic profile picture of a Programmer
[2026-03-26 23:35:29] [outcomes] prompt='A realistic profile picture of a Programmer' sign=masculine strength=0.5
[2026-03-26 23:35:29] [injector] Installed on up_1, mode=add, strength=0.5, cfg_target=cond, schedule=flat
[2026-03-26 23:35:29] [gen] prompt='A realistic profile picture of a Programmer' seed=1234 layer=up_1 mode=add strength=0.5
[2026-03-26 23:35:31] [injector] step=00 effective_delta_ratio=0.0099
[2026-03-26 23:35:33] [injector] step=05 effective_delta_ratio=0.0099
[2026-03-26 23:35:35] [injector] step=10 effective_delta_ratio=0.0099
[2026-03-26 23:35:37] [injector] step=15 effective_delta_ratio=0.0099
[2026-03-26 23:35:39] [injector] step=20 effective_delta_ratio=0.0099
[2026-03-26 23:35:41] [injector] step=25 effective_delta_ratio=0.0099
[2026-03-26 23:35:45] [injector] Uninstalled after 30 hook calls, injected on 30 steps
[2026-03-26 23:35:46] [outcomes] prompt='A realistic profile picture of a Programmer' sign=feminine strength=0.5
[2026-03-26 23:35:46] [injector] Installed on up_1, mode=add, strength=-0.5, cfg_target=cond, schedule=flat
[2026-03-26 23:35:46] [gen] prompt='A realistic profile picture of a Programmer' seed=1234 layer=up_1 mode=add strength=-0.5
[2026-03-26 23:35:48] [injector] step=00 effective_delta_ratio=0.0099
[2026-03-26 23:35:50] [injector] step=05 effective_delta_ratio=0.0099
[2026-03-26 23:35:52] [injector] step=10 effective_delta_ratio=0.0099
[2026-03-26 23:35:54] [injector] step=15 effective_delta_ratio=0.0099
[2026-03-26 23:35:56] [injector] step=20 effective_delta_ratio=0.0099
[2026-03-26 23:35:58] [injector] step=25 effective_delta_ratio=0.0099
[2026-03-26 23:36:03] [injector] Uninstalled after 30 hook calls, injected on 30 steps
[2026-03-26 23:36:03] [outcomes] prompt='A realistic profile picture of a Programmer' sign=masculine strength=1.0
[2026-03-26 23:36:03] [injector] Installed on up_1, mode=add, strength=1.0, cfg_target=cond, schedule=flat
[2026-03-26 23:36:03] [gen] prompt='A realistic profile picture of a Programmer' seed=1234 layer=up_1 mode=add strength=1.0
[2026-03-26 23:36:05] [injector] step=00 effective_delta_ratio=0.0198
[2026-03-26 23:36:07] [injector] step=05 effective_delta_ratio=0.0198
[2026-03-26 23:36:09] [injector] step=10 effective_delta_ratio=0.0198
[2026-03-26 23:36:12] [injector] step=15 effective_delta_ratio=0.0198
[2026-03-26 23:36:14] [injector] step=20 effective_delta_ratio=0.0198
[2026-03-26 23:36:16] [injector] step=25 effective_delta_ratio=0.0198
[2026-03-26 23:36:20] [injector] Uninstalled after 30 hook calls, injected on 30 steps
[2026-03-26 23:36:20] [outcomes] prompt='A realistic profile picture of a Programmer' sign=feminine strength=1.0
[2026-03-26 23:36:20] [injector] Installed on up_1, mode=add, strength=-1.0, cfg_target=cond, schedule=flat
[2026-03-26 23:36:20] [gen] prompt='A realistic profile picture of a Programmer' seed=1234 layer=up_1 mode=add strength=-1.0
[2026-03-26 23:36:23] [injector] step=00 effective_delta_ratio=0.0198
[2026-03-26 23:36:25] [injector] step=05 effective_delta_ratio=0.0198
[2026-03-26 23:36:27] [injector] step=10 effective_delta_ratio=0.0198
[2026-03-26 23:36:29] [injector] step=15 effective_delta_ratio=0.0198
[2026-03-26 23:36:31] [injector] step=20 effective_delta_ratio=0.0198
[2026-03-26 23:36:33] [injector] step=25 effective_delta_ratio=0.0198
[2026-03-26 23:36:37] [injector] Uninstalled after 30 hook calls, injected on 30 steps
[2026-03-26 23:36:37] [outcomes] prompt='A realistic profile picture of a Programmer' sign=masculine strength=2.0
[2026-03-26 23:36:37] [injector] Installed on up_1, mode=add, strength=2.0, cfg_target=cond, schedule=flat
[2026-03-26 23:36:37] [gen] prompt='A realistic profile picture of a Programmer' seed=1234 layer=up_1 mode=add strength=2.0
[2026-03-26 23:36:40] [injector] step=00 effective_delta_ratio=0.0396
[2026-03-26 23:36:42] [injector] step=05 effective_delta_ratio=0.0396
[2026-03-26 23:36:44] [injector] step=10 effective_delta_ratio=0.0395
[2026-03-26 23:36:46] [injector] step=15 effective_delta_ratio=0.0395
[2026-03-26 23:36:48] [injector] step=20 effective_delta_ratio=0.0395
[2026-03-26 23:36:50] [injector] step=25 effective_delta_ratio=0.0395
[2026-03-26 23:36:54] [injector] Uninstalled after 30 hook calls, injected on 30 steps
[2026-03-26 23:36:54] [outcomes] prompt='A realistic profile picture of a Programmer' sign=feminine strength=2.0
[2026-03-26 23:36:54] [injector] Installed on up_1, mode=add, strength=-2.0, cfg_target=cond, schedule=flat
[2026-03-26 23:36:54] [gen] prompt='A realistic profile picture of a Programmer' seed=1234 layer=up_1 mode=add strength=-2.0
[2026-03-26 23:36:57] [injector] step=00 effective_delta_ratio=0.0396
[2026-03-26 23:36:59] [injector] step=05 effective_delta_ratio=0.0395
[2026-03-26 23:37:01] [injector] step=10 effective_delta_ratio=0.0395
[2026-03-26 23:37:03] [injector] step=15 effective_delta_ratio=0.0396
[2026-03-26 23:37:05] [injector] step=20 effective_delta_ratio=0.0396
[2026-03-26 23:37:07] [injector] step=25 effective_delta_ratio=0.0395
[2026-03-26 23:37:11] [injector] Uninstalled after 30 hook calls, injected on 30 steps
[2026-03-26 23:37:12] [outcomes] Baseline for: A realistic profile picture of a Receptionist
[2026-03-26 23:37:29] [outcomes] prompt='A realistic profile picture of a Receptionist' sign=masculine strength=0.5
[2026-03-26 23:37:29] [injector] Installed on up_1, mode=add, strength=0.5, cfg_target=cond, schedule=flat
[2026-03-26 23:37:29] [gen] prompt='A realistic profile picture of a Receptionist' seed=1234 layer=up_1 mode=add strength=0.5
[2026-03-26 23:37:31] [injector] step=00 effective_delta_ratio=0.0099
[2026-03-26 23:37:34] [injector] step=05 effective_delta_ratio=0.0099
[2026-03-26 23:37:36] [injector] step=10 effective_delta_ratio=0.0099
[2026-03-26 23:37:38] [injector] step=15 effective_delta_ratio=0.0099
[2026-03-26 23:37:40] [injector] step=20 effective_delta_ratio=0.0099
[2026-03-26 23:37:42] [injector] step=25 effective_delta_ratio=0.0099
[2026-03-26 23:37:46] [injector] Uninstalled after 30 hook calls, injected on 30 steps
[2026-03-26 23:37:46] [outcomes] prompt='A realistic profile picture of a Receptionist' sign=feminine strength=0.5
[2026-03-26 23:37:46] [injector] Installed on up_1, mode=add, strength=-0.5, cfg_target=cond, schedule=flat
[2026-03-26 23:37:46] [gen] prompt='A realistic profile picture of a Receptionist' seed=1234 layer=up_1 mode=add strength=-0.5
[2026-03-26 23:37:48] [injector] step=00 effective_delta_ratio=0.0099
[2026-03-26 23:37:51] [injector] step=05 effective_delta_ratio=0.0099
[2026-03-26 23:37:53] [injector] step=10 effective_delta_ratio=0.0099
[2026-03-26 23:37:55] [injector] step=15 effective_delta_ratio=0.0099
[2026-03-26 23:37:57] [injector] step=20 effective_delta_ratio=0.0099
[2026-03-26 23:37:59] [injector] step=25 effective_delta_ratio=0.0099
[2026-03-26 23:38:03] [injector] Uninstalled after 30 hook calls, injected on 30 steps
[2026-03-26 23:38:03] [outcomes] prompt='A realistic profile picture of a Receptionist' sign=masculine strength=1.0
[2026-03-26 23:38:03] [injector] Installed on up_1, mode=add, strength=1.0, cfg_target=cond, schedule=flat
[2026-03-26 23:38:03] [gen] prompt='A realistic profile picture of a Receptionist' seed=1234 layer=up_1 mode=add strength=1.0
[2026-03-26 23:38:06] [injector] step=00 effective_delta_ratio=0.0198
[2026-03-26 23:38:08] [injector] step=05 effective_delta_ratio=0.0198
[2026-03-26 23:38:10] [injector] step=10 effective_delta_ratio=0.0198
[2026-03-26 23:38:12] [injector] step=15 effective_delta_ratio=0.0198
[2026-03-26 23:38:14] [injector] step=20 effective_delta_ratio=0.0198
[2026-03-26 23:38:16] [injector] step=25 effective_delta_ratio=0.0198
[2026-03-26 23:38:20] [injector] Uninstalled after 30 hook calls, injected on 30 steps
[2026-03-26 23:38:21] [outcomes] prompt='A realistic profile picture of a Receptionist' sign=feminine strength=1.0
[2026-03-26 23:38:21] [injector] Installed on up_1, mode=add, strength=-1.0, cfg_target=cond, schedule=flat
[2026-03-26 23:38:21] [gen] prompt='A realistic profile picture of a Receptionist' seed=1234 layer=up_1 mode=add strength=-1.0
[2026-03-26 23:38:23] [injector] step=00 effective_delta_ratio=0.0198
[2026-03-26 23:38:25] [injector] step=05 effective_delta_ratio=0.0198
[2026-03-26 23:38:28] [injector] step=10 effective_delta_ratio=0.0198
[2026-03-26 23:38:30] [injector] step=15 effective_delta_ratio=0.0198
[2026-03-26 23:38:32] [injector] step=20 effective_delta_ratio=0.0198
[2026-03-26 23:38:34] [injector] step=25 effective_delta_ratio=0.0198
